<html>
<body>
<pre>
<h1>µVision Build Log</h1>
<h2>Tool Versions:</h2>
IDE-Version: µVision V5.31.0.0
Copyright (C) 2020 ARM Ltd and ARM Germany GmbH. All rights reserved.
License Information: Tuan Truong, Hust, LIC=47GU5-GJSSN-BS0YX-H6AAT-2YWSV-ZCV1W
 
Tool Versions:
Toolchain:       MDK-ARM Plus  Version: 5.31.0.0
Toolchain Path:  H:\KeiC\ARM\ARMCC\Bin
C Compiler:      Armcc.exe V5.06 update 6 (build 750)
Assembler:       Armasm.exe V5.06 update 6 (build 750)
Linker/Locator:  ArmLink.exe V5.06 update 6 (build 750)
Library Manager: ArmAr.exe V5.06 update 6 (build 750)
Hex Converter:   FromElf.exe V5.06 update 6 (build 750)
CPU DLL:         SARMCM3.DLL V5.31.0.0
Dialog DLL:      DCM.DLL V1.17.3.0
Target DLL:      STLink\ST-LINKIII-KEIL_SWO.dll V3.0.7.0
Dialog DLL:      TCM.DLL V1.46.0.0
 
<h2>Project:</h2>
G:\stm32project\TESTHAL\MDK-ARM\TESTHAL.uvprojx
Project File Date:  12/09/2023

<h2>Output:</h2>
*** Using Compiler 'V5.06 update 6 (build 750)', folder: 'H:\KeiC\ARM\ARMCC\Bin'
Build target 'TESTHAL'
compiling main.c...
..\Lib\Timer.h(5): warning:  #1295-D: Deprecated declaration TIM2_config - give arg types
  void TIM2_config();
..\Lib\Timer.h(8): warning:  #1295-D: Deprecated declaration TIM1_config - give arg types
  void TIM1_config();
..\Lib\Timer.h(11): warning:  #1-D: last line of file ends without a newline
  #endif
../Core/Src/main.c(564): warning:  #223-D: function "sprintf" declared implicitly
  	  int len = sprintf(str,"%4d %4d\n",t,h);
../Core/Src/main.c(655): warning:  #1-D: last line of file ends without a newline
  /************************ (C) COPYRIGHT STMicroelectronics *****END OF FILE****/
../Core/Src/main.c: 5 warnings, 0 errors
linking...
Program Size: Code=19188 RO-data=332 RW-data=168 ZI-data=5384  
FromELF: creating hex file...
"TESTHAL\TESTHAL.axf" - 0 Error(s), 5 Warning(s).

<h2>Software Packages used:</h2>

Package Vendor: ARM
                http://www.keil.com/pack/ARM.CMSIS.5.7.0.pack
                ARM.CMSIS.5.7.0
                CMSIS (Cortex Microcontroller Software Interface Standard)
   * Component: CORE Version: 5.4.0

Package Vendor: Keil
                https://www.keil.com/pack/Keil.STM32F1xx_DFP.2.4.1.pack
                Keil.STM32F1xx_DFP.2.4.1
                STMicroelectronics STM32F1 Series Device Support, Drivers and Examples

<h2>Collection of Component include folders:</h2>
  .\RTE\_TESTHAL
  H:\PackKeic\ARM\CMSIS\5.7.0\CMSIS\Core\Include
  H:\PackKeic\Keil\STM32F1xx_DFP\2.4.1\Device\Include

<h2>Collection of Component Files used:</h2>

   * Component: ARM::CMSIS:CORE:5.4.0
Build Time Elapsed:  00:00:02
</pre>
</body>
</html>
