Component: ARM Compiler 5.06 update 6 (build 750) Tool: armlink [4d35ed]

==============================================================================

Section Cross References

    startup_stm32f103xb.o(RESET) refers to startup_stm32f103xb.o(STACK) for __initial_sp
    startup_stm32f103xb.o(RESET) refers to startup_stm32f103xb.o(.text) for Reset_Handler
    startup_stm32f103xb.o(RESET) refers to stm32f1xx_it.o(i.NMI_Handler) for NMI_Handler
    startup_stm32f103xb.o(RESET) refers to stm32f1xx_it.o(i.HardFault_Handler) for HardFault_Handler
    startup_stm32f103xb.o(RESET) refers to stm32f1xx_it.o(i.MemManage_Handler) for MemManage_Handler
    startup_stm32f103xb.o(RESET) refers to stm32f1xx_it.o(i.BusFault_Handler) for BusFault_Handler
    startup_stm32f103xb.o(RESET) refers to stm32f1xx_it.o(i.UsageFault_Handler) for UsageFault_Handler
    startup_stm32f103xb.o(RESET) refers to port.o(.emb_text) for SVC_Handler
    startup_stm32f103xb.o(RESET) refers to stm32f1xx_it.o(i.DebugMon_Handler) for DebugMon_Handler
    startup_stm32f103xb.o(RESET) refers to port.o(i.SysTick_Handler) for SysTick_Handler
    startup_stm32f103xb.o(RESET) refers to stm32f1xx_it.o(i.TIM4_IRQHandler) for TIM4_IRQHandler
    startup_stm32f103xb.o(.text) refers to system_stm32f1xx.o(i.SystemInit) for SystemInit
    startup_stm32f103xb.o(.text) refers to entry.o(.ARM.Collect$$$$00000000) for __main
    adc.o(i.ADC1_Config_Multi) refers to adc.o(.data) for .data
    timer.o(i.delay_ms) refers to timer.o(i.delay_us) for delay_us
    uart.o(i.Cal_BRR) refers to dfltui.o(.text) for __aeabi_ui2d
    uart.o(i.Cal_BRR) refers to ddiv.o(.text) for __aeabi_ddiv
    uart.o(i.Cal_BRR) refers to dfixui.o(.text) for __aeabi_d2uiz
    uart.o(i.Cal_BRR) refers to dadd.o(.text) for __aeabi_drsub
    uart.o(i.Cal_BRR) refers to dscalb.o(.text) for __ARM_scalbn
    uart.o(i.USART1_Config) refers to uart.o(i.Cal_BRR) for Cal_BRR
    uart.o(i.USART1_Send_String) refers to uart.o(i.USART1_Send_char) for USART1_Send_char
    uart.o(i.USART2_Config) refers to uart.o(i.Cal_BRR) for Cal_BRR
    uart.o(i.USART2_Send_String) refers to uart.o(i.USART2_Send_char) for USART2_Send_char
    uart.o(i.USART3_Config) refers to uart.o(i.Cal_BRR) for Cal_BRR
    uart.o(i.USART3_Send_String) refers to uart.o(i.USART3_Send_char) for USART3_Send_char
    liquidcrystal_i2c.o(i.lcd_backlight_off) refers to stm32f1xx_hal_i2c.o(i.HAL_I2C_Master_Transmit) for HAL_I2C_Master_Transmit
    liquidcrystal_i2c.o(i.lcd_backlight_on) refers to stm32f1xx_hal_i2c.o(i.HAL_I2C_Master_Transmit) for HAL_I2C_Master_Transmit
    liquidcrystal_i2c.o(i.lcd_clear_display) refers to liquidcrystal_i2c.o(i.lcd_send_cmd) for lcd_send_cmd
    liquidcrystal_i2c.o(i.lcd_clear_display) refers to stm32f1xx_hal.o(i.HAL_Delay) for HAL_Delay
    liquidcrystal_i2c.o(i.lcd_create_char) refers to liquidcrystal_i2c.o(i.lcd_send_cmd) for lcd_send_cmd
    liquidcrystal_i2c.o(i.lcd_create_char) refers to liquidcrystal_i2c.o(i.lcd_send_data) for lcd_send_data
    liquidcrystal_i2c.o(i.lcd_display_off) refers to liquidcrystal_i2c.o(i.lcd_send_cmd) for lcd_send_cmd
    liquidcrystal_i2c.o(i.lcd_display_on) refers to liquidcrystal_i2c.o(i.lcd_send_cmd) for lcd_send_cmd
    liquidcrystal_i2c.o(i.lcd_init) refers to liquidcrystal_i2c.o(i.lcd_send_cmd) for lcd_send_cmd
    liquidcrystal_i2c.o(i.lcd_init) refers to stm32f1xx_hal.o(i.HAL_Delay) for HAL_Delay
    liquidcrystal_i2c.o(i.lcd_init) refers to liquidcrystal_i2c.o(i.lcd_set_cursor_blink_off) for lcd_set_cursor_blink_off
    liquidcrystal_i2c.o(i.lcd_printf) refers to printfa.o(i.__0vsprintf) for vsprintf
    liquidcrystal_i2c.o(i.lcd_printf) refers to liquidcrystal_i2c.o(i.lcd_send_data) for lcd_send_data
    liquidcrystal_i2c.o(i.lcd_printf) refers to strlen.o(.text) for strlen
    liquidcrystal_i2c.o(i.lcd_putchar) refers to liquidcrystal_i2c.o(i.lcd_send_data) for lcd_send_data
    liquidcrystal_i2c.o(i.lcd_send_cmd) refers to stm32f1xx_hal_i2c.o(i.HAL_I2C_Master_Transmit) for HAL_I2C_Master_Transmit
    liquidcrystal_i2c.o(i.lcd_send_data) refers to stm32f1xx_hal_i2c.o(i.HAL_I2C_Master_Transmit) for HAL_I2C_Master_Transmit
    liquidcrystal_i2c.o(i.lcd_set_cursor) refers to liquidcrystal_i2c.o(i.lcd_send_cmd) for lcd_send_cmd
    liquidcrystal_i2c.o(i.lcd_set_cursor_blink_off) refers to liquidcrystal_i2c.o(i.lcd_send_cmd) for lcd_send_cmd
    liquidcrystal_i2c.o(i.lcd_set_cursor_blink_on) refers to liquidcrystal_i2c.o(i.lcd_send_cmd) for lcd_send_cmd
    liquidcrystal_i2c.o(i.lcd_set_cursor_off) refers to liquidcrystal_i2c.o(i.lcd_send_cmd) for lcd_send_cmd
    liquidcrystal_i2c.o(i.lcd_set_cursor_on) refers to liquidcrystal_i2c.o(i.lcd_send_cmd) for lcd_send_cmd
    liquidcrystal_i2c.o(i.lcd_write) refers to liquidcrystal_i2c.o(i.lcd_send_data) for lcd_send_data
    main.o(i.AboveNormalTask) refers to queue.o(i.xQueueReceive) for xQueueReceive
    main.o(i.AboveNormalTask) refers to pwm.o(i.TIM2_PWM_duty) for TIM2_PWM_duty
[...]
    Removing stm32f1xx_hal_tim_ex.o(i.HAL_TIMEx_ConfigBreakDeadTime), (84 bytes).
    Removing stm32f1xx_hal_tim_ex.o(i.HAL_TIMEx_ConfigCommutEvent), (112 bytes).
    Removing stm32f1xx_hal_tim_ex.o(i.HAL_TIMEx_ConfigCommutEvent_DMA), (144 bytes).
    Removing stm32f1xx_hal_tim_ex.o(i.HAL_TIMEx_ConfigCommutEvent_IT), (112 bytes).
    Removing stm32f1xx_hal_tim_ex.o(i.HAL_TIMEx_GetChannelNState), (34 bytes).
    Removing stm32f1xx_hal_tim_ex.o(i.HAL_TIMEx_HallSensor_DeInit), (76 bytes).
    Removing stm32f1xx_hal_tim_ex.o(i.HAL_TIMEx_HallSensor_GetState), (6 bytes).
    Removing stm32f1xx_hal_tim_ex.o(i.HAL_TIMEx_HallSensor_Init), (208 bytes).
    Removing stm32f1xx_hal_tim_ex.o(i.HAL_TIMEx_HallSensor_MspDeInit), (2 bytes).
    Removing stm32f1xx_hal_tim_ex.o(i.HAL_TIMEx_HallSensor_MspInit), (2 bytes).
    Removing stm32f1xx_hal_tim_ex.o(i.HAL_TIMEx_HallSensor_Start), (128 bytes).
    Removing stm32f1xx_hal_tim_ex.o(i.HAL_TIMEx_HallSensor_Start_DMA), (184 bytes).
    Removing stm32f1xx_hal_tim_ex.o(i.HAL_TIMEx_HallSensor_Start_IT), (140 bytes).
    Removing stm32f1xx_hal_tim_ex.o(i.HAL_TIMEx_HallSensor_Stop), (58 bytes).
    Removing stm32f1xx_hal_tim_ex.o(i.HAL_TIMEx_HallSensor_Stop_DMA), (70 bytes).
    Removing stm32f1xx_hal_tim_ex.o(i.HAL_TIMEx_HallSensor_Stop_IT), (68 bytes).
    Removing stm32f1xx_hal_tim_ex.o(i.HAL_TIMEx_MasterConfigSynchronization), (104 bytes).
    Removing stm32f1xx_hal_tim_ex.o(i.HAL_TIMEx_OCN_Start), (152 bytes).
    Removing stm32f1xx_hal_tim_ex.o(i.HAL_TIMEx_OCN_Start_DMA), (336 bytes).
    Removing stm32f1xx_hal_tim_ex.o(i.HAL_TIMEx_OCN_Start_IT), (188 bytes).
    Removing stm32f1xx_hal_tim_ex.o(i.HAL_TIMEx_OCN_Stop), (104 bytes).
    Removing stm32f1xx_hal_tim_ex.o(i.HAL_TIMEx_OCN_Stop_DMA), (158 bytes).
    Removing stm32f1xx_hal_tim_ex.o(i.HAL_TIMEx_OCN_Stop_IT), (160 bytes).
    Removing stm32f1xx_hal_tim_ex.o(i.HAL_TIMEx_OnePulseN_Start), (100 bytes).
    Removing stm32f1xx_hal_tim_ex.o(i.HAL_TIMEx_OnePulseN_Start_IT), (120 bytes).
    Removing stm32f1xx_hal_tim_ex.o(i.HAL_TIMEx_OnePulseN_Stop), (98 bytes).
    Removing stm32f1xx_hal_tim_ex.o(i.HAL_TIMEx_OnePulseN_Stop_IT), (120 bytes).
    Removing stm32f1xx_hal_tim_ex.o(i.HAL_TIMEx_PWMN_Start), (152 bytes).
    Removing stm32f1xx_hal_tim_ex.o(i.HAL_TIMEx_PWMN_Start_DMA), (336 bytes).
    Removing stm32f1xx_hal_tim_ex.o(i.HAL_TIMEx_PWMN_Start_IT), (188 bytes).
    Removing stm32f1xx_hal_tim_ex.o(i.HAL_TIMEx_PWMN_Stop), (104 bytes).
    Removing stm32f1xx_hal_tim_ex.o(i.HAL_TIMEx_PWMN_Stop_DMA), (158 bytes).
    Removing stm32f1xx_hal_tim_ex.o(i.HAL_TIMEx_PWMN_Stop_IT), (160 bytes).
    Removing stm32f1xx_hal_tim_ex.o(i.HAL_TIMEx_RemapConfig), (4 bytes).
    Removing stm32f1xx_hal_tim_ex.o(i.TIMEx_DMACommutationCplt), (16 bytes).
    Removing stm32f1xx_hal_tim_ex.o(i.TIMEx_DMACommutationHalfCplt), (16 bytes).
    Removing stm32f1xx_hal_tim_ex.o(i.TIM_CCxNChannelCmd), (26 bytes).
    Removing stm32f1xx_hal_tim_ex.o(i.TIM_DMADelayPulseNCplt), (94 bytes).
    Removing stm32f1xx_hal_tim_ex.o(i.TIM_DMAErrorCCxN), (62 bytes).
    Removing system_stm32f1xx.o(.rev16_text), (4 bytes).
    Removing system_stm32f1xx.o(.revsh_text), (4 bytes).
    Removing system_stm32f1xx.o(.rrx_text), (6 bytes).
    Removing system_stm32f1xx.o(i.SystemCoreClockUpdate), (104 bytes).
    Removing system_stm32f1xx.o(.constdata), (16 bytes).
    Removing system_stm32f1xx.o(.constdata), (8 bytes).
    Removing event_groups.o(i.prvTestWaitCondition), (20 bytes).
    Removing event_groups.o(i.vEventGroupClearBitsCallback), (4 bytes).
    Removing event_groups.o(i.vEventGroupDelete), (74 bytes).
    Removing event_groups.o(i.vEventGroupSetBitsCallback), (4 bytes).
    Removing event_groups.o(i.xEventGroupClearBits), (64 bytes).
    Removing event_groups.o(i.xEventGroupCreate), (28 bytes).
    Removing event_groups.o(i.xEventGroupCreateStatic), (44 bytes).
    Removing event_groups.o(i.xEventGroupGetBitsFromISR), (26 bytes).
    Removing event_groups.o(i.xEventGroupSetBits), (140 bytes).
    Removing event_groups.o(i.xEventGroupSync), (204 bytes).
    Removing event_groups.o(i.xEventGroupWaitBits), (264 bytes).
    Removing queue.o(i.pcQueueGetName), (40 bytes).
    Removing queue.o(i.prvInitialiseMutex), (22 bytes).
    Removing queue.o(i.uxQueueMessagesWaiting), (36 bytes).
    Removing queue.o(i.uxQueueMessagesWaitingFromISR), (22 bytes).
    Removing queue.o(i.uxQueueSpacesAvailable), (40 bytes).
    Removing queue.o(i.vQueueAddToRegistry), (40 bytes).
    Removing queue.o(i.vQueueDelete), (46 bytes).
    Removing queue.o(i.vQueueUnregisterQueue), (40 bytes).
    Removing queue.o(i.xQueueCreateMutex), (22 bytes).
    Removing queue.o(i.xQueueCreateMutexStatic), (26 bytes).
    Removing queue.o(i.xQueueGenericCreateStatic), (102 bytes).
    Removing queue.o(i.xQueueGenericSendFromISR), (188 bytes).
    Removing queue.o(i.xQueueGiveFromISR), (156 bytes).
    Removing queue.o(i.xQueueIsQueueEmptyFromISR), (30 bytes).
    Removing queue.o(i.xQueueIsQueueFullFromISR), (34 bytes).
    Removing queue.o(i.xQueuePeek), (308 bytes).
    Removing queue.o(i.xQueuePeekFromISR), (116 bytes).
    Removing queue.o(i.xQueueReceiveFromISR), (154 bytes).
    Removing queue.o(i.xQueueSemaphoreTake), (376 bytes).
    Removing queue.o(.bss), (64 bytes).
    Removing stream_buffer.o(i.prvBytesInBuffer), (18 bytes).
    Removing stream_buffer.o(i.prvInitialiseNewStreamBuffer), (76 bytes).
    Removing stream_buffer.o(i.prvReadBytesFromBuffer), (140 bytes).
    Removing stream_buffer.o(i.prvReadMessageFromBuffer), (66 bytes).
    Removing stream_buffer.o(i.prvWriteBytesToBuffer), (130 bytes).
    Removing stream_buffer.o(i.prvWriteMessageToBuffer), (60 bytes).
    Removing stream_buffer.o(i.vStreamBufferDelete), (34 bytes).
    Removing stream_buffer.o(i.xStreamBufferBytesAvailable), (22 bytes).
    Removing stream_buffer.o(i.xStreamBufferGenericCreate), (82 bytes).
    Removing stream_buffer.o(i.xStreamBufferGenericCreateStatic), (114 bytes).
    Removing stream_buffer.o(i.xStreamBufferIsEmpty), (34 bytes).
    Removing stream_buffer.o(i.xStreamBufferIsFull), (48 bytes).
    Removing stream_buffer.o(i.xStreamBufferReceive), (212 bytes).
    Removing stream_buffer.o(i.xStreamBufferReceiveCompletedFromISR), (70 bytes).
    Removing stream_buffer.o(i.xStreamBufferReceiveFromISR), (144 bytes).
    Removing stream_buffer.o(i.xStreamBufferReset), (58 bytes).
    Removing stream_buffer.o(i.xStreamBufferSend), (236 bytes).
    Removing stream_buffer.o(i.xStreamBufferSendCompletedFromISR), (70 bytes).
    Removing stream_buffer.o(i.xStreamBufferSendFromISR), (142 bytes).
    Removing stream_buffer.o(i.xStreamBufferSetTriggerLevel), (40 bytes).
    Removing stream_buffer.o(i.xStreamBufferSpacesAvailable), (38 bytes).
    Removing tasks.o(i.pcTaskGetName), (32 bytes).
    Removing tasks.o(i.prvTaskIsTaskSuspended), (52 bytes).
    Removing tasks.o(i.pvTaskIncrementMutexHeldCount), (24 bytes).
    Removing tasks.o(i.ulTaskNotifyTake), (104 bytes).
    Removing tasks.o(i.uxTaskGetNumberOfTasks), (12 bytes).
    Removing tasks.o(i.uxTaskPriorityGet), (28 bytes).
    Removing tasks.o(i.uxTaskPriorityGetFromISR), (44 bytes).
    Removing tasks.o(i.uxTaskResetEventItemValue), (24 bytes).
    Removing tasks.o(i.vTaskDelete), (172 bytes).
    Removing tasks.o(i.vTaskEndScheduler), (28 bytes).
    Removing tasks.o(i.vTaskNotifyGiveFromISR), (184 bytes).
    Removing tasks.o(i.vTaskPlaceOnUnorderedEventList), (80 bytes).
    Removing tasks.o(i.vTaskPriorityDisinheritAfterTimeout), (168 bytes).
    Removing tasks.o(i.vTaskPrioritySet), (196 bytes).
    Removing tasks.o(i.vTaskRemoveFromUnorderedEventList), (112 bytes).
    Removing tasks.o(i.vTaskResume), (124 bytes).
    Removing tasks.o(i.vTaskSetTimeOutState), (48 bytes).
    Removing tasks.o(i.vTaskSuspend), (188 bytes).
    Removing tasks.o(i.xTaskGenericNotify), (204 bytes).
    Removing tasks.o(i.xTaskGenericNotifyFromISR), (240 bytes).
    Removing tasks.o(i.xTaskGetCurrentTaskHandle), (12 bytes).
    Removing tasks.o(i.xTaskGetTickCount), (12 bytes).
    Removing tasks.o(i.xTaskGetTickCountFromISR), (16 bytes).
    Removing tasks.o(i.xTaskNotifyStateClear), (52 bytes).
    Removing tasks.o(i.xTaskNotifyWait), (140 bytes).
    Removing tasks.o(i.xTaskPriorityInherit), (148 bytes).
    Removing tasks.o(i.xTaskResumeFromISR), (136 bytes).
    Removing cmsis_os.o(.rev16_text), (4 bytes).
    Removing cmsis_os.o(.revsh_text), (4 bytes).
    Removing cmsis_os.o(.rrx_text), (6 bytes).
    Removing cmsis_os.o(i.inHandlerMode), (12 bytes).
    Removing cmsis_os.o(i.makeCmsisPriority), (14 bytes).
    Removing cmsis_os.o(i.makeFreeRtosPriority), (12 bytes).
    Removing cmsis_os.o(i.osAbortDelay), (4 bytes).
    Removing cmsis_os.o(i.osDelay), (14 bytes).
    Removing cmsis_os.o(i.osDelayUntil), (4 bytes).
    Removing cmsis_os.o(i.osKernelRunning), (18 bytes).
    Removing cmsis_os.o(i.osKernelSysTick), (24 bytes).
    Removing cmsis_os.o(i.osMailAlloc), (12 bytes).
    Removing cmsis_os.o(i.osMailCAlloc), (32 bytes).
    Removing cmsis_os.o(i.osMailCreate), (92 bytes).
    Removing cmsis_os.o(i.osMailFree), (12 bytes).
    Removing cmsis_os.o(i.osMailGet), (144 bytes).
    Removing cmsis_os.o(i.osMailPut), (92 bytes).
    Removing cmsis_os.o(i.osMessageAvailableSpace), (4 bytes).
    Removing cmsis_os.o(i.osMessageCreate), (38 bytes).
    Removing cmsis_os.o(i.osMessageDelete), (24 bytes).
    Removing cmsis_os.o(i.osMessageGet), (148 bytes).
    Removing cmsis_os.o(i.osMessagePeek), (74 bytes).
    Removing cmsis_os.o(i.osMessagePut), (92 bytes).
    Removing cmsis_os.o(i.osMessageWaiting), (30 bytes).
    Removing cmsis_os.o(i.osMutexCreate), (16 bytes).
    Removing cmsis_os.o(i.osMutexDelete), (24 bytes).
    Removing cmsis_os.o(i.osMutexRelease), (80 bytes).
    Removing cmsis_os.o(i.osMutexWait), (100 bytes).
    Removing cmsis_os.o(i.osPoolAlloc), (106 bytes).
    Removing cmsis_os.o(i.osPoolCAlloc), (16 bytes).
    Removing cmsis_os.o(i.osPoolCreate), (94 bytes).
    Removing cmsis_os.o(i.osPoolFree), (48 bytes).
    Removing cmsis_os.o(i.osRecursiveMutexCreate), (4 bytes).
    Removing cmsis_os.o(i.osRecursiveMutexRelease), (4 bytes).
    Removing cmsis_os.o(i.osRecursiveMutexWait), (4 bytes).
    Removing cmsis_os.o(i.osSemaphoreCreate), (62 bytes).
    Removing cmsis_os.o(i.osSemaphoreDelete), (24 bytes).
    Removing cmsis_os.o(i.osSemaphoreGetCount), (4 bytes).
    Removing cmsis_os.o(i.osSemaphoreRelease), (80 bytes).
    Removing cmsis_os.o(i.osSemaphoreWait), (100 bytes).
    Removing cmsis_os.o(i.osSignalSet), (92 bytes).
    Removing cmsis_os.o(i.osSignalWait), (86 bytes).
    Removing cmsis_os.o(i.osSystickHandler), (20 bytes).
    Removing cmsis_os.o(i.osThreadCreate), (84 bytes).
    Removing cmsis_os.o(i.osThreadGetId), (4 bytes).
    Removing cmsis_os.o(i.osThreadGetPriority), (32 bytes).
    Removing cmsis_os.o(i.osThreadList), (4 bytes).
    Removing cmsis_os.o(i.osThreadResume), (52 bytes).
    Removing cmsis_os.o(i.osThreadResumeAll), (18 bytes).
    Removing cmsis_os.o(i.osThreadSetPriority), (22 bytes).
    Removing cmsis_os.o(i.osThreadSuspend), (10 bytes).
    Removing cmsis_os.o(i.osThreadSuspendAll), (10 bytes).
    Removing cmsis_os.o(i.osThreadTerminate), (10 bytes).
    Removing cmsis_os.o(i.osThreadYield), (24 bytes).
    Removing cmsis_os.o(i.osTimerCreate), (4 bytes).
    Removing cmsis_os.o(i.osTimerDelete), (4 bytes).
    Removing cmsis_os.o(i.osTimerStart), (4 bytes).
    Removing cmsis_os.o(i.osTimerStop), (4 bytes).
    Removing heap_4.o(i.vPortInitialiseBlocks), (2 bytes).
    Removing heap_4.o(i.xPortGetFreeHeapSize), (12 bytes).
    Removing heap_4.o(i.xPortGetMinimumEverFreeHeapSize), (12 bytes).
    Removing port.o(i.vPortEndScheduler), (32 bytes).
    Removing port.o(i.vPortValidateInterruptPriority), (84 bytes).

638 unused section(s) (total 50938 bytes) removed from the image.

==============================================================================

Image Symbol Table

    Local Symbols

    Symbol Name                              Value     Ov Type        Size  Object(Section)

    ../Core/Src/freertos.c                   0x00000000   Number         0  freertos.o ABSOLUTE
    ../Core/Src/main.c                       0x00000000   Number         0  main.o ABSOLUTE
    ../Core/Src/stm32f1xx_hal_msp.c          0x00000000   Number         0  stm32f1xx_hal_msp.o ABSOLUTE
    ../Core/Src/stm32f1xx_hal_timebase_tim.c 0x00000000   Number         0  stm32f1xx_hal_timebase_tim.o ABSOLUTE
    ../Core/Src/stm32f1xx_it.c               0x00000000   Number         0  stm32f1xx_it.o ABSOLUTE
    ../Core/Src/system_stm32f1xx.c           0x00000000   Number         0  system_stm32f1xx.o ABSOLUTE
    ../Drivers/STM32F1xx_HAL_Driver/Src/stm32f1xx_hal.c 0x00000000   Number         0  stm32f1xx_hal.o ABSOLUTE
    ../Drivers/STM32F1xx_HAL_Driver/Src/stm32f1xx_hal_cortex.c 0x00000000   Number         0  stm32f1xx_hal_cortex.o ABSOLUTE
    ../Drivers/STM32F1xx_HAL_Driver/Src/stm32f1xx_hal_dma.c 0x00000000   Number         0  stm32f1xx_hal_dma.o ABSOLUTE
    ../Drivers/STM32F1xx_HAL_Driver/Src/stm32f1xx_hal_exti.c 0x00000000   Number         0  stm32f1xx_hal_exti.o ABSOLUTE
    ../Drivers/STM32F1xx_HAL_Driver/Src/stm32f1xx_hal_flash.c 0x00000000   Number         0  stm32f1xx_hal_flash.o ABSOLUTE
    ../Drivers/STM32F1xx_HAL_Driver/Src/stm32f1xx_hal_flash_ex.c 0x00000000   Number         0  stm32f1xx_hal_flash_ex.o ABSOLUTE
    ../Drivers/STM32F1xx_HAL_Driver/Src/stm32f1xx_hal_gpio.c 0x00000000   Number         0  stm32f1xx_hal_gpio.o ABSOLUTE
    ../Drivers/STM32F1xx_HAL_Driver/Src/stm32f1xx_hal_gpio_ex.c 0x00000000   Number         0  stm32f1xx_hal_gpio_ex.o ABSOLUTE
    ../Drivers/STM32F1xx_HAL_Driver/Src/stm32f1xx_hal_i2c.c 0x00000000   Number         0  stm32f1xx_hal_i2c.o ABSOLUTE
    ../Drivers/STM32F1xx_HAL_Driver/Src/stm32f1xx_hal_pwr.c 0x00000000   Number         0  stm32f1xx_hal_pwr.o ABSOLUTE
    ../Drivers/STM32F1xx_HAL_Driver/Src/stm32f1xx_hal_rcc.c 0x00000000   Number         0  stm32f1xx_hal_rcc.o ABSOLUTE
    ../Drivers/STM32F1xx_HAL_Driver/Src/stm32f1xx_hal_rcc_ex.c 0x00000000   Number         0  stm32f1xx_hal_rcc_ex.o ABSOLUTE
    ../Drivers/STM32F1xx_HAL_Driver/Src/stm32f1xx_hal_tim.c 0x00000000   Number         0  stm32f1xx_hal_tim.o ABSOLUTE
    ../Drivers/STM32F1xx_HAL_Driver/Src/stm32f1xx_hal_tim_ex.c 0x00000000   Number         0  stm32f1xx_hal_tim_ex.o ABSOLUTE
    ../Middlewares/Third_Party/FreeRTOS/Source/CMSIS_RTOS/cmsis_os.c 0x00000000   Number         0  cmsis_os.o ABSOLUTE
    ../Middlewares/Third_Party/FreeRTOS/Source/croutine.c 0x00000000   Number         0  croutine.o ABSOLUTE
    ../Middlewares/Third_Party/FreeRTOS/Source/event_groups.c 0x00000000   Number         0  event_groups.o ABSOLUTE
    ../Middlewares/Third_Party/FreeRTOS/Source/list.c 0x00000000   Number         0  list.o ABSOLUTE
    ../Middlewares/Third_Party/FreeRTOS/Source/portable/MemMang/heap_4.c 0x00000000   Number         0  heap_4.o ABSOLUTE
    ../Middlewares/Third_Party/FreeRTOS/Source/portable/RVDS/ARM_CM3/port.c 0x00000000   Number         0  port.o ABSOLUTE
    ../Middlewares/Third_Party/FreeRTOS/Source/queue.c 0x00000000   Number         0  queue.o ABSOLUTE
    ../Middlewares/Third_Party/FreeRTOS/Source/stream_buffer.c 0x00000000   Number         0  stream_buffer.o ABSOLUTE
    ../Middlewares/Third_Party/FreeRTOS/Source/tasks.c 0x00000000   Number         0  tasks.o ABSOLUTE
    ../Middlewares/Third_Party/FreeRTOS/Source/timers.c 0x00000000   Number         0  timers.o ABSOLUTE
    ../clib/microlib/division.c              0x00000000   Number         0  uldiv.o ABSOLUTE
    ../clib/microlib/division.c              0x00000000   Number         0  uidiv.o ABSOLUTE
    ../clib/microlib/init/entry.s            0x00000000   Number         0  entry5.o ABSOLUTE
    ../clib/microlib/init/entry.s            0x00000000   Number         0  entry11b.o ABSOLUTE
    ../clib/microlib/init/entry.s            0x00000000   Number         0  entry7a.o ABSOLUTE
    ../clib/microlib/init/entry.s            0x00000000   Number         0  entry11a.o ABSOLUTE
    ../clib/microlib/init/entry.s            0x00000000   Number         0  entry10b.o ABSOLUTE
    ../clib/microlib/init/entry.s            0x00000000   Number         0  entry10a.o ABSOLUTE
    ../clib/microlib/init/entry.s            0x00000000   Number         0  entry9b.o ABSOLUTE
    ../clib/microlib/init/entry.s            0x00000000   Number         0  entry2.o ABSOLUTE
    ../clib/microlib/init/entry.s            0x00000000   Number         0  entry9a.o ABSOLUTE
    ../clib/microlib/init/entry.s            0x00000000   Number         0  entry8b.o ABSOLUTE
    ../clib/microlib/init/entry.s            0x00000000   Number         0  entry8a.o ABSOLUTE
    ../clib/microlib/init/entry.s            0x00000000   Number         0  entry7b.o ABSOLUTE
    ../clib/microlib/init/entry.s            0x00000000   Number         0  entry.o ABSOLUTE
    ../clib/microlib/longlong.c              0x00000000   Number         0  llsshr.o ABSOLUTE
    ../clib/microlib/longlong.c              0x00000000   Number         0  llushr.o ABSOLUTE
    ../clib/microlib/longlong.c              0x00000000   Number         0  llshl.o ABSOLUTE
    ../clib/microlib/printf/printf.c         0x00000000   Number         0  printfb.o ABSOLUTE
    ../clib/microlib/printf/printf.c         0x00000000   Number         0  printf7.o ABSOLUTE
    ../clib/microlib/printf/printf.c         0x00000000   Number         0  printfa.o ABSOLUTE
    ../clib/microlib/printf/printf.c         0x00000000   Number         0  printf8.o ABSOLUTE
    ../clib/microlib/printf/printf.c         0x00000000   Number         0  printf6.o ABSOLUTE
    ../clib/microlib/printf/printf.c         0x00000000   Number         0  printf5.o ABSOLUTE
    ../clib/microlib/printf/printf.c         0x00000000   Number         0  printf4.o ABSOLUTE
    ../clib/microlib/printf/printf.c         0x00000000   Number         0  printf3.o ABSOLUTE
    ../clib/microlib/printf/printf.c         0x00000000   Number         0  printf2.o ABSOLUTE
    ../clib/microlib/printf/printf.c         0x00000000   Number         0  printf1.o ABSOLUTE
    ../clib/microlib/printf/printf.c         0x00000000   Number         0  printf0.o ABSOLUTE
    ../clib/microlib/printf/stubs.s          0x00000000   Number         0  stubs.o ABSOLUTE
    ../clib/microlib/stdio/fputc.c           0x00000000   Number         0  fputc.o ABSOLUTE
    ../clib/microlib/stdio/semi.s            0x00000000   Number         0  semi.o ABSOLUTE
    ../clib/microlib/stdio/streams.c         0x00000000   Number         0  stdout.o ABSOLUTE
    ../clib/microlib/string/memcpy.c         0x00000000   Number         0  memcpyb.o ABSOLUTE
    ../clib/microlib/string/memcpy.c         0x00000000   Number         0  memcpya.o ABSOLUTE
    ../clib/microlib/string/memset.c         0x00000000   Number         0  memseta.o ABSOLUTE
    ../clib/microlib/string/memset.c         0x00000000   Number         0  memset.o ABSOLUTE
    ../clib/microlib/string/strlen.c         0x00000000   Number         0  strlen.o ABSOLUTE
    ../clib/microlib/stubs.s                 0x00000000   Number         0  iusefp.o ABSOLUTE
    ../clib/microlib/stubs.s                 0x00000000   Number         0  iusesemip.o ABSOLUTE
    ../fplib/microlib/fpadd.c                0x00000000   Number         0  dadd.o ABSOLUTE
    ../fplib/microlib/fpdiv.c                0x00000000   Number         0  ddiv.o ABSOLUTE
    ../fplib/microlib/fpepilogue.c           0x00000000   Number         0  depilogue.o ABSOLUTE
    ../fplib/microlib/fpfix.c                0x00000000   Number         0  dfixui.o ABSOLUTE
    ../fplib/microlib/fpfix.c                0x00000000   Number         0  dfixul.o ABSOLUTE
    ../fplib/microlib/fpflt.c                0x00000000   Number         0  dfltui.o ABSOLUTE
    ../fplib/microlib/fpmul.c                0x00000000   Number         0  dmul.o ABSOLUTE
    ../fplib/microlib/fpscalb.c              0x00000000   Number         0  dscalb.o ABSOLUTE
    ..\Core\Src\freertos.c                   0x00000000   Number         0  freertos.o ABSOLUTE
    ..\Core\Src\main.c                       0x00000000   Number         0  main.o ABSOLUTE
    ..\Core\Src\stm32f1xx_hal_msp.c          0x00000000   Number         0  stm32f1xx_hal_msp.o ABSOLUTE
    ..\Core\Src\stm32f1xx_hal_timebase_tim.c 0x00000000   Number         0  stm32f1xx_hal_timebase_tim.o ABSOLUTE
    ..\Core\Src\stm32f1xx_it.c               0x00000000   Number         0  stm32f1xx_it.o ABSOLUTE
    ..\Core\Src\system_stm32f1xx.c           0x00000000   Number         0  system_stm32f1xx.o ABSOLUTE
    ..\Drivers\STM32F1xx_HAL_Driver\Src\stm32f1xx_hal.c 0x00000000   Number         0  stm32f1xx_hal.o ABSOLUTE
    ..\Drivers\STM32F1xx_HAL_Driver\Src\stm32f1xx_hal_cortex.c 0x00000000   Number         0  stm32f1xx_hal_cortex.o ABSOLUTE
    ..\Drivers\STM32F1xx_HAL_Driver\Src\stm32f1xx_hal_dma.c 0x00000000   Number         0  stm32f1xx_hal_dma.o ABSOLUTE
    ..\Drivers\STM32F1xx_HAL_Driver\Src\stm32f1xx_hal_exti.c 0x00000000   Number         0  stm32f1xx_hal_exti.o ABSOLUTE
    ..\Drivers\STM32F1xx_HAL_Driver\Src\stm32f1xx_hal_flash.c 0x00000000   Number         0  stm32f1xx_hal_flash.o ABSOLUTE
    ..\Drivers\STM32F1xx_HAL_Driver\Src\stm32f1xx_hal_flash_ex.c 0x00000000   Number         0  stm32f1xx_hal_flash_ex.o ABSOLUTE
    ..\Drivers\STM32F1xx_HAL_Driver\Src\stm32f1xx_hal_gpio.c 0x00000000   Number         0  stm32f1xx_hal_gpio.o ABSOLUTE
    ..\Drivers\STM32F1xx_HAL_Driver\Src\stm32f1xx_hal_gpio_ex.c 0x00000000   Number         0  stm32f1xx_hal_gpio_ex.o ABSOLUTE
    ..\Drivers\STM32F1xx_HAL_Driver\Src\stm32f1xx_hal_i2c.c 0x00000000   Number         0  stm32f1xx_hal_i2c.o ABSOLUTE
    ..\Drivers\STM32F1xx_HAL_Driver\Src\stm32f1xx_hal_pwr.c 0x00000000   Number         0  stm32f1xx_hal_pwr.o ABSOLUTE
    ..\Drivers\STM32F1xx_HAL_Driver\Src\stm32f1xx_hal_rcc.c 0x00000000   Number         0  stm32f1xx_hal_rcc.o ABSOLUTE
    ..\Drivers\STM32F1xx_HAL_Driver\Src\stm32f1xx_hal_rcc_ex.c 0x00000000   Number         0  stm32f1xx_hal_rcc_ex.o ABSOLUTE
    ..\Drivers\STM32F1xx_HAL_Driver\Src\stm32f1xx_hal_tim.c 0x00000000   Number         0  stm32f1xx_hal_tim.o ABSOLUTE
    ..\Drivers\STM32F1xx_HAL_Driver\Src\stm32f1xx_hal_tim_ex.c 0x00000000   Number         0  stm32f1xx_hal_tim_ex.o ABSOLUTE
    ..\Lib\ADC.c                             0x00000000   Number         0  adc.o ABSOLUTE
    ..\Lib\GPIO.c                            0x00000000   Number         0  gpio.o ABSOLUTE
    ..\Lib\LiquidCrystal_I2C.c               0x00000000   Number         0  liquidcrystal_i2c.o ABSOLUTE
    ..\Lib\PWM.c                             0x00000000   Number         0  pwm.o ABSOLUTE
    ..\Lib\Timer.c                           0x00000000   Number         0  timer.o ABSOLUTE
    ..\Lib\UART.c                            0x00000000   Number         0  uart.o ABSOLUTE
    ..\Middlewares\Third_Party\FreeRTOS\Source\CMSIS_RTOS\cmsis_os.c 0x00000000   Number         0  cmsis_os.o ABSOLUTE
    ..\Middlewares\Third_Party\FreeRTOS\Source\portable\RVDS\ARM_CM3\port.c 0x00000000   Number         0  port.o ABSOLUTE
    ..\\Lib\\ADC.c                           0x00000000   Number         0  adc.o ABSOLUTE
    ..\\Lib\\GPIO.c                          0x00000000   Number         0  gpio.o ABSOLUTE
    ..\\Lib\\LiquidCrystal_I2C.c             0x00000000   Number         0  liquidcrystal_i2c.o ABSOLUTE
    ..\\Lib\\PWM.c                           0x00000000   Number         0  pwm.o ABSOLUTE
    ..\\Lib\\Timer.c                         0x00000000   Number         0  timer.o ABSOLUTE
    ..\\Lib\\UART.c                          0x00000000   Number         0  uart.o ABSOLUTE
    cdrcmple.s                               0x00000000   Number         0  cdrcmple.o ABSOLUTE
    dc.s                                     0x00000000   Number         0  dc.o ABSOLUTE
    handlers.s                               0x00000000   Number         0  handlers.o ABSOLUTE
    init.s                                   0x00000000   Number         0  init.o ABSOLUTE
    startup_stm32f103xb.s                    0x00000000   Number         0  startup_stm32f103xb.o ABSOLUTE
    RESET                                    0x08000000   Section      236  startup_stm32f103xb.o(RESET)
    .ARM.Collect$$$$00000000                 0x080000ec   Section        0  entry.o(.ARM.Collect$$$$00000000)
    .ARM.Collect$$$$00000001                 0x080000ec   Section        4  entry2.o(.ARM.Collect$$$$00000001)
    .ARM.Collect$$$$00000004                 0x080000f0   Section        4  entry5.o(.ARM.Collect$$$$00000004)
    .ARM.Collect$$$$00000008                 0x080000f4   Section        0  entry7b.o(.ARM.Collect$$$$00000008)
    .ARM.Collect$$$$0000000A                 0x080000f4   Section        0  entry8b.o(.ARM.Collect$$$$0000000A)
    .ARM.Collect$$$$0000000B                 0x080000f4   Section        8  entry9a.o(.ARM.Collect$$$$0000000B)
    .ARM.Collect$$$$0000000D                 0x080000fc   Section        0  entry10a.o(.ARM.Collect$$$$0000000D)
    .ARM.Collect$$$$0000000F                 0x080000fc   Section        0  entry11a.o(.ARM.Collect$$$$0000000F)
    .ARM.Collect$$$$00002712                 0x080000fc   Section        4  entry2.o(.ARM.Collect$$$$00002712)
    __lit__00000000                          0x080000fc   Data           4  entry2.o(.ARM.Collect$$$$00002712)
    .emb_text                                0x08000100   Section      150  port.o(.emb_text)
    .text                                    0x08000198   Section       36  startup_stm32f103xb.o(.text)
    .text                                    0x080001bc   Section        0  llushr.o(.text)
    .text                                    0x080001dc   Section        0  memcpya.o(.text)
    .text                                    0x08000200   Section        0  strlen.o(.text)
    .text                                    0x0800020e   Section        0  dadd.o(.text)
    .text                                    0x0800035c   Section        0  ddiv.o(.text)
    .text                                    0x0800043a   Section        0  dscalb.o(.text)
    .text                                    0x08000468   Section        0  dfltui.o(.text)
    .text                                    0x08000482   Section        0  dfixui.o(.text)
    .text                                    0x080004b4   Section        0  uidiv.o(.text)
    .text                                    0x080004e0   Section        0  uldiv.o(.text)
    .text                                    0x08000542   Section        0  llshl.o(.text)
    .text                                    0x08000560   Section        0  llsshr.o(.text)
    .text                                    0x08000584   Section        0  depilogue.o(.text)
    .text                                    0x08000584   Section        0  iusefp.o(.text)
    .text                                    0x0800063e   Section        0  dmul.o(.text)
    .text                                    0x08000722   Section        0  dfixul.o(.text)
    .text                                    0x08000754   Section       48  cdrcmple.o(.text)
    .text                                    0x08000784   Section       36  init.o(.text)
    i.ADC1_Config_Multi                      0x080007a8   Section        0  adc.o(i.ADC1_Config_Multi)
    i.ADC1_Read_DMA                          0x080008c4   Section        0  adc.o(i.ADC1_Read_DMA)
    i.AboveNormalTask                        0x080008dc   Section        0  main.o(i.AboveNormalTask)
    i.BusFault_Handler                       0x0800090c   Section        0  stm32f1xx_it.o(i.BusFault_Handler)
    i.Cal_BRR                                0x08000910   Section        0  uart.o(i.Cal_BRR)
    i.DMA_Init                               0x08000954   Section        0  adc.o(i.DMA_Init)
    i.DebugMon_Handler                       0x08000994   Section        0  stm32f1xx_it.o(i.DebugMon_Handler)
    i.HAL_Delay                              0x08000998   Section        0  stm32f1xx_hal.o(i.HAL_Delay)
    i.HAL_GetTick                            0x080009bc   Section        0  stm32f1xx_hal.o(i.HAL_GetTick)
    i.HAL_I2C_Master_Transmit                0x080009c8   Section        0  stm32f1xx_hal_i2c.o(i.HAL_I2C_Master_Transmit)
    i.HAL_IncTick                            0x08000af4   Section        0  stm32f1xx_hal.o(i.HAL_IncTick)
    i.HAL_TIMEx_BreakCallback                0x08000b04   Section        0  stm32f1xx_hal_tim_ex.o(i.HAL_TIMEx_BreakCallback)
    i.HAL_TIMEx_CommutCallback               0x08000b06   Section        0  stm32f1xx_hal_tim_ex.o(i.HAL_TIMEx_CommutCallback)
    i.HAL_TIM_IC_CaptureCallback             0x08000b08   Section        0  stm32f1xx_hal_tim.o(i.HAL_TIM_IC_CaptureCallback)
    i.HAL_TIM_IRQHandler                     0x08000b0a   Section        0  stm32f1xx_hal_tim.o(i.HAL_TIM_IRQHandler)
    i.HAL_TIM_OC_DelayElapsedCallback        0x08000c70   Section        0  stm32f1xx_hal_tim.o(i.HAL_TIM_OC_DelayElapsedCallback)
    i.HAL_TIM_PWM_PulseFinishedCallback      0x08000c72   Section        0  stm32f1xx_hal_tim.o(i.HAL_TIM_PWM_PulseFinishedCallback)
    i.HAL_TIM_PeriodElapsedCallback          0x08000c74   Section        0  main.o(i.HAL_TIM_PeriodElapsedCallback)
    i.HAL_TIM_TriggerCallback                0x08000c88   Section        0  stm32f1xx_hal_tim.o(i.HAL_TIM_TriggerCallback)
    i.HardFault_Handler                      0x08000c8a   Section        0  stm32f1xx_it.o(i.HardFault_Handler)
    i.HighTask                               0x08000c8c   Section        0  main.o(i.HighTask)
    i.I2C_IsAcknowledgeFailed                0x08000cc4   Section        0  stm32f1xx_hal_i2c.o(i.I2C_IsAcknowledgeFailed)
    I2C_IsAcknowledgeFailed                  0x08000cc5   Thumb Code    46  stm32f1xx_hal_i2c.o(i.I2C_IsAcknowledgeFailed)
    i.I2C_MasterRequestWrite                 0x08000cf4   Section        0  stm32f1xx_hal_i2c.o(i.I2C_MasterRequestWrite)
    I2C_MasterRequestWrite                   0x08000cf5   Thumb Code   150  stm32f1xx_hal_i2c.o(i.I2C_MasterRequestWrite)
    i.I2C_WaitOnBTFFlagUntilTimeout          0x08000d90   Section        0  stm32f1xx_hal_i2c.o(i.I2C_WaitOnBTFFlagUntilTimeout)
    I2C_WaitOnBTFFlagUntilTimeout            0x08000d91   Thumb Code    76  stm32f1xx_hal_i2c.o(i.I2C_WaitOnBTFFlagUntilTimeout)
    i.I2C_WaitOnFlagUntilTimeout             0x08000ddc   Section        0  stm32f1xx_hal_i2c.o(i.I2C_WaitOnFlagUntilTimeout)
    I2C_WaitOnFlagUntilTimeout               0x08000ddd   Thumb Code   104  stm32f1xx_hal_i2c.o(i.I2C_WaitOnFlagUntilTimeout)
    i.I2C_WaitOnMasterAddressFlagUntilTimeout 0x08000e44   Section        0  stm32f1xx_hal_i2c.o(i.I2C_WaitOnMasterAddressFlagUntilTimeout)
    I2C_WaitOnMasterAddressFlagUntilTimeout  0x08000e45   Thumb Code   150  stm32f1xx_hal_i2c.o(i.I2C_WaitOnMasterAddressFlagUntilTimeout)
    i.I2C_WaitOnTXEFlagUntilTimeout          0x08000eda   Section        0  stm32f1xx_hal_i2c.o(i.I2C_WaitOnTXEFlagUntilTimeout)
    I2C_WaitOnTXEFlagUntilTimeout            0x08000edb   Thumb Code    76  stm32f1xx_hal_i2c.o(i.I2C_WaitOnTXEFlagUntilTimeout)
    i.MemManage_Handler                      0x08000f26   Section        0  stm32f1xx_it.o(i.MemManage_Handler)
    i.NMI_Handler                            0x08000f28   Section        0  stm32f1xx_it.o(i.NMI_Handler)
    i.ReadDHT22                              0x08000f2c   Section        0  main.o(i.ReadDHT22)
    i.SendUartTask                           0x08000f84   Section        0  main.o(i.SendUartTask)
    i.StartDefaultTask                       0x0800100c   Section        0  main.o(i.StartDefaultTask)
    i.SysTick_Handler                        0x0800103c   Section        0  port.o(i.SysTick_Handler)
    i.SystemInit                             0x08001068   Section        0  system_stm32f1xx.o(i.SystemInit)
    i.TIM2_PWM_Config                        0x0800106c   Section        0  pwm.o(i.TIM2_PWM_Config)
    i.TIM2_PWM_Init                          0x08001140   Section        0  pwm.o(i.TIM2_PWM_Init)
    i.TIM2_PWM_duty                          0x08001150   Section        0  pwm.o(i.TIM2_PWM_duty)
    i.TIM4_IRQHandler                        0x08001174   Section        0  stm32f1xx_it.o(i.TIM4_IRQHandler)
    i.USART1_Config                          0x08001180   Section        0  uart.o(i.USART1_Config)
    i.USART1_Init                            0x080011f0   Section        0  uart.o(i.USART1_Init)
    i.USART1_Send_String                     0x08001200   Section        0  uart.o(i.USART1_Send_String)
    i.USART1_Send_char                       0x08001214   Section        0  uart.o(i.USART1_Send_char)
    i.UsageFault_Handler                     0x08001228   Section        0  stm32f1xx_it.o(i.UsageFault_Handler)
    i.__0sprintf                             0x0800122c   Section        0  printfa.o(i.__0sprintf)
    i.__0vsprintf                            0x08001254   Section        0  printfa.o(i.__0vsprintf)
    i.__scatterload_copy                     0x08001278   Section       14  handlers.o(i.__scatterload_copy)
    i.__scatterload_null                     0x08001286   Section        2  handlers.o(i.__scatterload_null)
    i.__scatterload_zeroinit                 0x08001288   Section       14  handlers.o(i.__scatterload_zeroinit)
    i._fp_digits                             0x08001298   Section        0  printfa.o(i._fp_digits)
    _fp_digits                               0x08001299   Thumb Code   366  printfa.o(i._fp_digits)
    i._printf_core                           0x0800141c   Section        0  printfa.o(i._printf_core)
    _printf_core                             0x0800141d   Thumb Code  1744  printfa.o(i._printf_core)
    i._printf_post_padding                   0x08001af8   Section        0  printfa.o(i._printf_post_padding)
    _printf_post_padding                     0x08001af9   Thumb Code    36  printfa.o(i._printf_post_padding)
    i._printf_pre_padding                    0x08001b1c   Section        0  printfa.o(i._printf_pre_padding)
    _printf_pre_padding                      0x08001b1d   Thumb Code    46  printfa.o(i._printf_pre_padding)
    i._sputc                                 0x08001b4a   Section        0  printfa.o(i._sputc)
    _sputc                                   0x08001b4b   Thumb Code    10  printfa.o(i._sputc)
    i.lcd_init                               0x08001b54   Section        0  liquidcrystal_i2c.o(i.lcd_init)
    i.lcd_printf                             0x08001bba   Section        0  liquidcrystal_i2c.o(i.lcd_printf)
    i.lcd_send_cmd                           0x08001bf4   Section        0  liquidcrystal_i2c.o(i.lcd_send_cmd)
    lcd_send_cmd                             0x08001bf5   Thumb Code    64  liquidcrystal_i2c.o(i.lcd_send_cmd)
    i.lcd_send_data                          0x08001c34   Section        0  liquidcrystal_i2c.o(i.lcd_send_data)
    lcd_send_data                            0x08001c35   Thumb Code    72  liquidcrystal_i2c.o(i.lcd_send_data)
    i.lcd_set_cursor                         0x08001c7c   Section        0  liquidcrystal_i2c.o(i.lcd_set_cursor)
    i.lcd_set_cursor_blink_off               0x08001c9c   Section        0  liquidcrystal_i2c.o(i.lcd_set_cursor_blink_off)
    i.main                                   0x08001cac   Section        0  main.o(i.main)
    i.osKernelStart                          0x08001de8   Section        0  cmsis_os.o(i.osKernelStart)
    i.prvAddCurrentTaskToDelayedList         0x08001df4   Section        0  tasks.o(i.prvAddCurrentTaskToDelayedList)
    prvAddCurrentTaskToDelayedList           0x08001df5   Thumb Code   102  tasks.o(i.prvAddCurrentTaskToDelayedList)
    i.prvAddNewTaskToReadyList               0x08001e64   Section        0  tasks.o(i.prvAddNewTaskToReadyList)
    prvAddNewTaskToReadyList                 0x08001e65   Thumb Code   194  tasks.o(i.prvAddNewTaskToReadyList)
    i.prvCopyDataFromQueue                   0x08001f34   Section        0  queue.o(i.prvCopyDataFromQueue)
    prvCopyDataFromQueue                     0x08001f35   Thumb Code    38  queue.o(i.prvCopyDataFromQueue)
    i.prvCopyDataToQueue                     0x08001f5a   Section        0  queue.o(i.prvCopyDataToQueue)
    prvCopyDataToQueue                       0x08001f5b   Thumb Code   108  queue.o(i.prvCopyDataToQueue)
    i.prvDeleteTCB                           0x08001fc6   Section        0  tasks.o(i.prvDeleteTCB)
    prvDeleteTCB                             0x08001fc7   Thumb Code    52  tasks.o(i.prvDeleteTCB)
    i.prvHeapInit                            0x08001ffc   Section        0  heap_4.o(i.prvHeapInit)
    prvHeapInit                              0x08001ffd   Thumb Code    66  heap_4.o(i.prvHeapInit)
    i.prvIdleTask                            0x08002048   Section        0  tasks.o(i.prvIdleTask)
    prvIdleTask                              0x08002049   Thumb Code    82  tasks.o(i.prvIdleTask)
    i.prvInitialiseNewQueue                  0x080020a8   Section        0  queue.o(i.prvInitialiseNewQueue)
    prvInitialiseNewQueue                    0x080020a9   Thumb Code    22  queue.o(i.prvInitialiseNewQueue)
    i.prvInitialiseNewTask                   0x080020be   Section        0  tasks.o(i.prvInitialiseNewTask)
    prvInitialiseNewTask                     0x080020bf   Thumb Code   142  tasks.o(i.prvInitialiseNewTask)
    i.prvInsertBlockIntoFreeList             0x0800214c   Section        0  heap_4.o(i.prvInsertBlockIntoFreeList)
    prvInsertBlockIntoFreeList               0x0800214d   Thumb Code    72  heap_4.o(i.prvInsertBlockIntoFreeList)
    i.prvIsQueueEmpty                        0x08002198   Section        0  queue.o(i.prvIsQueueEmpty)
    prvIsQueueEmpty                          0x08002199   Thumb Code    28  queue.o(i.prvIsQueueEmpty)
    i.prvResetNextTaskUnblockTime            0x080021b4   Section        0  tasks.o(i.prvResetNextTaskUnblockTime)
    prvResetNextTaskUnblockTime              0x080021b5   Thumb Code    26  tasks.o(i.prvResetNextTaskUnblockTime)
    i.prvTaskExitError                       0x080021d4   Section        0  port.o(i.prvTaskExitError)
    prvTaskExitError                         0x080021d5   Thumb Code    36  port.o(i.prvTaskExitError)
    i.prvUnlockQueue                         0x080021fc   Section        0  queue.o(i.prvUnlockQueue)
    prvUnlockQueue                           0x080021fd   Thumb Code   106  queue.o(i.prvUnlockQueue)
    i.pvPortMalloc                           0x08002268   Section        0  heap_4.o(i.pvPortMalloc)
    i.pxPortInitialiseStack                  0x08002340   Section        0  port.o(i.pxPortInitialiseStack)
    i.uxListRemove                           0x08002364   Section        0  list.o(i.uxListRemove)
    i.vApplicationGetIdleTaskMemory          0x0800238c   Section        0  freertos.o(i.vApplicationGetIdleTaskMemory)
    i.vListInitialise                        0x080023a0   Section        0  list.o(i.vListInitialise)
    i.vListInitialiseItem                    0x080023b6   Section        0  list.o(i.vListInitialiseItem)
    i.vListInsert                            0x080023bc   Section        0  list.o(i.vListInsert)
    i.vListInsertEnd                         0x080023ec   Section        0  list.o(i.vListInsertEnd)
    i.vPortEnterCritical                     0x08002404   Section        0  port.o(i.vPortEnterCritical)
    i.vPortExitCritical                      0x08002444   Section        0  port.o(i.vPortExitCritical)
    i.vPortFree                              0x0800246c   Section        0  heap_4.o(i.vPortFree)
    i.vPortSetupTimerInterrupt               0x080024c8   Section        0  port.o(i.vPortSetupTimerInterrupt)
    i.vTaskDelay                             0x080024ec   Section        0  tasks.o(i.vTaskDelay)
    i.vTaskInternalSetTimeOutState           0x08002538   Section        0  tasks.o(i.vTaskInternalSetTimeOutState)
    i.vTaskMissedYield                       0x08002548   Section        0  tasks.o(i.vTaskMissedYield)
    i.vTaskPlaceOnEventList                  0x08002554   Section        0  tasks.o(i.vTaskPlaceOnEventList)
    i.vTaskStartScheduler                    0x08002584   Section        0  tasks.o(i.vTaskStartScheduler)
    i.vTaskSuspendAll                        0x080025f0   Section        0  tasks.o(i.vTaskSuspendAll)
    i.vTaskSwitchContext                     0x08002600   Section        0  tasks.o(i.vTaskSwitchContext)
    i.xPortStartScheduler                    0x0800265c   Section        0  port.o(i.xPortStartScheduler)
    i.xQueueGenericCreate                    0x08002704   Section        0  queue.o(i.xQueueGenericCreate)
    i.xQueueGenericReset                     0x0800274c   Section        0  queue.o(i.xQueueGenericReset)
    i.xQueueGenericSend                      0x080027d4   Section        0  queue.o(i.xQueueGenericSend)
    i.xQueueReceive                          0x08002934   Section        0  queue.o(i.xQueueReceive)
    i.xTaskCheckForTimeOut                   0x08002a6c   Section        0  tasks.o(i.xTaskCheckForTimeOut)
    i.xTaskCreate                            0x08002ae0   Section        0  tasks.o(i.xTaskCreate)
    i.xTaskCreateStatic                      0x08002b3a   Section        0  tasks.o(i.xTaskCreateStatic)
    i.xTaskGetSchedulerState                 0x08002b90   Section        0  tasks.o(i.xTaskGetSchedulerState)
    i.xTaskIncrementTick                     0x08002bac   Section        0  tasks.o(i.xTaskIncrementTick)
    i.xTaskPriorityDisinherit                0x08002c74   Section        0  tasks.o(i.xTaskPriorityDisinherit)
    i.xTaskRemoveFromEventList               0x08002d0c   Section        0  tasks.o(i.xTaskRemoveFromEventList)
    i.xTaskResumeAll                         0x08002d80   Section        0  tasks.o(i.xTaskResumeAll)
    .data                                    0x20000000   Section        2  adc.o(.data)
    .data                                    0x20000004   Section       48  main.o(.data)
    .data                                    0x20000034   Section       12  stm32f1xx_hal.o(.data)
    .data                                    0x20000040   Section        4  system_stm32f1xx.o(.data)
    .data                                    0x20000044   Section       60  tasks.o(.data)
    pxDelayedTaskList                        0x20000048   Data           4  tasks.o(.data)
    pxOverflowDelayedTaskList                0x2000004c   Data           4  tasks.o(.data)
    uxDeletedTasksWaitingCleanUp             0x20000050   Data           4  tasks.o(.data)
    uxCurrentNumberOfTasks                   0x20000054   Data           4  tasks.o(.data)
    xTickCount                               0x20000058   Data           4  tasks.o(.data)
    uxTopReadyPriority                       0x2000005c   Data           4  tasks.o(.data)
    xSchedulerRunning                        0x20000060   Data           4  tasks.o(.data)
    uxPendedTicks                            0x20000064   Data           4  tasks.o(.data)
    xYieldPending                            0x20000068   Data           4  tasks.o(.data)
    xNumOfOverflows                          0x2000006c   Data           4  tasks.o(.data)
    uxTaskNumber                             0x20000070   Data           4  tasks.o(.data)
    xNextTaskUnblockTime                     0x20000074   Data           4  tasks.o(.data)
    xIdleTaskHandle                          0x20000078   Data           4  tasks.o(.data)
    uxSchedulerSuspended                     0x2000007c   Data           4  tasks.o(.data)
    .data                                    0x20000080   Section       24  heap_4.o(.data)
    pxEnd                                    0x20000080   Data           4  heap_4.o(.data)
    xFreeBytesRemaining                      0x20000084   Data           4  heap_4.o(.data)
    xMinimumEverFreeBytesRemaining           0x20000088   Data           4  heap_4.o(.data)
    xBlockAllocatedBit                       0x2000008c   Data           4  heap_4.o(.data)
    xStart                                   0x20000090   Data           8  heap_4.o(.data)
    .data                                    0x20000098   Section       12  port.o(.data)
    ucMaxSysCallPriority                     0x20000098   Data           1  port.o(.data)
    uxCriticalNesting                        0x2000009c   Data           4  port.o(.data)
    ulMaxPRIGROUPValue                       0x200000a0   Data           4  port.o(.data)
    .bss                                     0x200000a4   Section      106  main.o(.bss)
    .bss                                     0x20000110   Section      596  freertos.o(.bss)
    xIdleTaskTCBBuffer                       0x20000110   Data          84  freertos.o(.bss)
    xIdleStack                               0x20000164   Data         512  freertos.o(.bss)
    .bss                                     0x20000364   Section       72  stm32f1xx_hal_timebase_tim.o(.bss)
    .bss                                     0x200003ac   Section      240  tasks.o(.bss)
    pxReadyTasksLists                        0x200003ac   Data         140  tasks.o(.bss)
    xDelayedTaskList1                        0x20000438   Data          20  tasks.o(.bss)
    xDelayedTaskList2                        0x2000044c   Data          20  tasks.o(.bss)
    xPendingReadyList                        0x20000460   Data          20  tasks.o(.bss)
    xTasksWaitingTermination                 0x20000474   Data          20  tasks.o(.bss)
    xSuspendedTaskList                       0x20000488   Data          20  tasks.o(.bss)
    .bss                                     0x2000049c   Section     3072  heap_4.o(.bss)
    ucHeap                                   0x2000049c   Data        3072  heap_4.o(.bss)
    STACK                                    0x200010a0   Section     1024  startup_stm32f103xb.o(STACK)

    Global Symbols

    Symbol Name                              Value     Ov Type        Size  Object(Section)

    BuildAttributes$$THM_ISAv4$P$D$K$B$S$PE$A:L22UL41UL21$X:L11$S22US41US21$IEEE1$IW$USESV6$~STKCKD$USESV7$~SHL$OSPACE$ROPI$EBA8$MICROLIB$REQ8$PRES8$EABIv2 0x00000000   Number         0  anon$$obj.o ABSOLUTE
    __ARM_use_no_argv                        0x00000000   Number         0  main.o ABSOLUTE
    _printf_a                                0x00000000   Number         0  stubs.o ABSOLUTE
    _printf_c                                0x00000000   Number         0  stubs.o ABSOLUTE
    _printf_charcount                        0x00000000   Number         0  stubs.o ABSOLUTE
    _printf_d                                0x00000000   Number         0  stubs.o ABSOLUTE
    _printf_e                                0x00000000   Number         0  stubs.o ABSOLUTE
    _printf_f                                0x00000000   Number         0  stubs.o ABSOLUTE
    _printf_flags                            0x00000000   Number         0  stubs.o ABSOLUTE
    _printf_fp_dec                           0x00000000   Number         0  stubs.o ABSOLUTE
    _printf_fp_hex                           0x00000000   Number         0  stubs.o ABSOLUTE
    _printf_g                                0x00000000   Number         0  stubs.o ABSOLUTE
    _printf_i                                0x00000000   Number         0  stubs.o ABSOLUTE
    _printf_int_dec                          0x00000000   Number         0  stubs.o ABSOLUTE
    _printf_l                                0x00000000   Number         0  stubs.o ABSOLUTE
    _printf_lc                               0x00000000   Number         0  stubs.o ABSOLUTE
    _printf_ll                               0x00000000   Number         0  stubs.o ABSOLUTE
    _printf_lld                              0x00000000   Number         0  stubs.o ABSOLUTE
    _printf_lli                              0x00000000   Number         0  stubs.o ABSOLUTE
    _printf_llo                              0x00000000   Number         0  stubs.o ABSOLUTE
    _printf_llu                              0x00000000   Number         0  stubs.o ABSOLUTE
    _printf_llx                              0x00000000   Number         0  stubs.o ABSOLUTE
    _printf_longlong_dec                     0x00000000   Number         0  stubs.o ABSOLUTE
    _printf_longlong_hex                     0x00000000   Number         0  stubs.o ABSOLUTE
    _printf_longlong_oct                     0x00000000   Number         0  stubs.o ABSOLUTE
    _printf_ls                               0x00000000   Number         0  stubs.o ABSOLUTE
    _printf_mbtowc                           0x00000000   Number         0  stubs.o ABSOLUTE
    _printf_n                                0x00000000   Number         0  stubs.o ABSOLUTE
    _printf_o                                0x00000000   Number         0  stubs.o ABSOLUTE
    _printf_p                                0x00000000   Number         0  stubs.o ABSOLUTE
    _printf_percent                          0x00000000   Number         0  stubs.o ABSOLUTE
    _printf_pre_padding                      0x00000000   Number         0  stubs.o ABSOLUTE
    _printf_return_value                     0x00000000   Number         0  stubs.o ABSOLUTE
    _printf_s                                0x00000000   Number         0  stubs.o ABSOLUTE
    _printf_sizespec                         0x00000000   Number         0  stubs.o ABSOLUTE
    _printf_str                              0x00000000   Number         0  stubs.o ABSOLUTE
    _printf_truncate_signed                  0x00000000   Number         0  stubs.o ABSOLUTE
    _printf_truncate_unsigned                0x00000000   Number         0  stubs.o ABSOLUTE
    _printf_u                                0x00000000   Number         0  stubs.o ABSOLUTE
    _printf_wc                               0x00000000   Number         0  stubs.o ABSOLUTE
    _printf_wctomb                           0x00000000   Number         0  stubs.o ABSOLUTE
    _printf_widthprec                        0x00000000   Number         0  stubs.o ABSOLUTE
    _printf_x                                0x00000000   Number         0  stubs.o ABSOLUTE
    __cpp_initialize__aeabi_                  - Undefined Weak Reference
    __cxa_finalize                            - Undefined Weak Reference
    __decompress                              - Undefined Weak Reference
    _clock_init                               - Undefined Weak Reference
    _microlib_exit                            - Undefined Weak Reference
    __Vectors_Size                           0x000000ec   Number         0  startup_stm32f103xb.o ABSOLUTE
    __Vectors                                0x08000000   Data           4  startup_stm32f103xb.o(RESET)
    __Vectors_End                            0x080000ec   Data           0  startup_stm32f103xb.o(RESET)
    __main                                   0x080000ed   Thumb Code     0  entry.o(.ARM.Collect$$$$00000000)
    _main_stk                                0x080000ed   Thumb Code     0  entry2.o(.ARM.Collect$$$$00000001)
    _main_scatterload                        0x080000f1   Thumb Code     0  entry5.o(.ARM.Collect$$$$00000004)
    __main_after_scatterload                 0x080000f5   Thumb Code     0  entry5.o(.ARM.Collect$$$$00000004)
    _main_clock                              0x080000f5   Thumb Code     0  entry7b.o(.ARM.Collect$$$$00000008)
    _main_cpp_init                           0x080000f5   Thumb Code     0  entry8b.o(.ARM.Collect$$$$0000000A)
    _main_init                               0x080000f5   Thumb Code     0  entry9a.o(.ARM.Collect$$$$0000000B)
    __rt_final_cpp                           0x080000fd   Thumb Code     0  entry10a.o(.ARM.Collect$$$$0000000D)
    __rt_final_exit                          0x080000fd   Thumb Code     0  entry11a.o(.ARM.Collect$$$$0000000F)
    SVC_Handler                              0x08000101   Thumb Code    32  port.o(.emb_text)
    __asm___6_port_c_39a90d8d__prvStartFirstTask 0x08000125   Thumb Code    28  port.o(.emb_text)
    PendSV_Handler                           0x08000145   Thumb Code    72  port.o(.emb_text)
    vPortGetIPSR                             0x08000191   Thumb Code     6  port.o(.emb_text)
    Reset_Handler                            0x08000199   Thumb Code     8  startup_stm32f103xb.o(.text)
    ADC1_2_IRQHandler                        0x080001b3   Thumb Code     0  startup_stm32f103xb.o(.text)
    CAN1_RX1_IRQHandler                      0x080001b3   Thumb Code     0  startup_stm32f103xb.o(.text)
    CAN1_SCE_IRQHandler                      0x080001b3   Thumb Code     0  startup_stm32f103xb.o(.text)
    DMA1_Channel1_IRQHandler                 0x080001b3   Thumb Code     0  startup_stm32f103xb.o(.text)
    DMA1_Channel2_IRQHandler                 0x080001b3   Thumb Code     0  startup_stm32f103xb.o(.text)
    DMA1_Channel3_IRQHandler                 0x080001b3   Thumb Code     0  startup_stm32f103xb.o(.text)
    DMA1_Channel4_IRQHandler                 0x080001b3   Thumb Code     0  startup_stm32f103xb.o(.text)
    DMA1_Channel5_IRQHandler                 0x080001b3   Thumb Code     0  startup_stm32f103xb.o(.text)
    DMA1_Channel6_IRQHandler                 0x080001b3   Thumb Code     0  startup_stm32f103xb.o(.text)
    DMA1_Channel7_IRQHandler                 0x080001b3   Thumb Code     0  startup_stm32f103xb.o(.text)
    EXTI0_IRQHandler                         0x080001b3   Thumb Code     0  startup_stm32f103xb.o(.text)
    EXTI15_10_IRQHandler                     0x080001b3   Thumb Code     0  startup_stm32f103xb.o(.text)
    EXTI1_IRQHandler                         0x080001b3   Thumb Code     0  startup_stm32f103xb.o(.text)
    EXTI2_IRQHandler                         0x080001b3   Thumb Code     0  startup_stm32f103xb.o(.text)
    EXTI3_IRQHandler                         0x080001b3   Thumb Code     0  startup_stm32f103xb.o(.text)
    EXTI4_IRQHandler                         0x080001b3   Thumb Code     0  startup_stm32f103xb.o(.text)
    EXTI9_5_IRQHandler                       0x080001b3   Thumb Code     0  startup_stm32f103xb.o(.text)
    FLASH_IRQHandler                         0x080001b3   Thumb Code     0  startup_stm32f103xb.o(.text)
    I2C1_ER_IRQHandler                       0x080001b3   Thumb Code     0  startup_stm32f103xb.o(.text)
    I2C1_EV_IRQHandler                       0x080001b3   Thumb Code     0  startup_stm32f103xb.o(.text)
    I2C2_ER_IRQHandler                       0x080001b3   Thumb Code     0  startup_stm32f103xb.o(.text)
    I2C2_EV_IRQHandler                       0x080001b3   Thumb Code     0  startup_stm32f103xb.o(.text)
    PVD_IRQHandler                           0x080001b3   Thumb Code     0  startup_stm32f103xb.o(.text)
    RCC_IRQHandler                           0x080001b3   Thumb Code     0  startup_stm32f103xb.o(.text)
    RTC_Alarm_IRQHandler                     0x080001b3   Thumb Code     0  startup_stm32f103xb.o(.text)
    RTC_IRQHandler                           0x080001b3   Thumb Code     0  startup_stm32f103xb.o(.text)
    SPI1_IRQHandler                          0x080001b3   Thumb Code     0  startup_stm32f103xb.o(.text)
    SPI2_IRQHandler                          0x080001b3   Thumb Code     0  startup_stm32f103xb.o(.text)
    TAMPER_IRQHandler                        0x080001b3   Thumb Code     0  startup_stm32f103xb.o(.text)
    TIM1_BRK_IRQHandler                      0x080001b3   Thumb Code     0  startup_stm32f103xb.o(.text)
    TIM1_CC_IRQHandler                       0x080001b3   Thumb Code     0  startup_stm32f103xb.o(.text)
    TIM1_TRG_COM_IRQHandler                  0x080001b3   Thumb Code     0  startup_stm32f103xb.o(.text)
    TIM1_UP_IRQHandler                       0x080001b3   Thumb Code     0  startup_stm32f103xb.o(.text)
    TIM2_IRQHandler                          0x080001b3   Thumb Code     0  startup_stm32f103xb.o(.text)
    TIM3_IRQHandler                          0x080001b3   Thumb Code     0  startup_stm32f103xb.o(.text)
    USART1_IRQHandler                        0x080001b3   Thumb Code     0  startup_stm32f103xb.o(.text)
    USART2_IRQHandler                        0x080001b3   Thumb Code     0  startup_stm32f103xb.o(.text)
    USART3_IRQHandler                        0x080001b3   Thumb Code     0  startup_stm32f103xb.o(.text)
    USBWakeUp_IRQHandler                     0x080001b3   Thumb Code     0  startup_stm32f103xb.o(.text)
    USB_HP_CAN1_TX_IRQHandler                0x080001b3   Thumb Code     0  startup_stm32f103xb.o(.text)
    USB_LP_CAN1_RX0_IRQHandler               0x080001b3   Thumb Code     0  startup_stm32f103xb.o(.text)
    WWDG_IRQHandler                          0x080001b3   Thumb Code     0  startup_stm32f103xb.o(.text)
    __aeabi_llsr                             0x080001bd   Thumb Code    32  llushr.o(.text)
    _ll_ushift_r                             0x080001bd   Thumb Code     0  llushr.o(.text)
    __aeabi_memcpy                           0x080001dd   Thumb Code    36  memcpya.o(.text)
    __aeabi_memcpy4                          0x080001dd   Thumb Code     0  memcpya.o(.text)
    __aeabi_memcpy8                          0x080001dd   Thumb Code     0  memcpya.o(.text)
    strlen                                   0x08000201   Thumb Code    14  strlen.o(.text)
    __aeabi_dadd                             0x0800020f   Thumb Code   322  dadd.o(.text)
    __aeabi_dsub                             0x08000351   Thumb Code     6  dadd.o(.text)
    __aeabi_drsub                            0x08000357   Thumb Code     6  dadd.o(.text)
    __aeabi_ddiv                             0x0800035d   Thumb Code   222  ddiv.o(.text)
    __ARM_scalbn                             0x0800043b   Thumb Code    46  dscalb.o(.text)
    scalbn                                   0x0800043b   Thumb Code     0  dscalb.o(.text)
    __aeabi_ui2d                             0x08000469   Thumb Code    26  dfltui.o(.text)
    __aeabi_d2uiz                            0x08000483   Thumb Code    50  dfixui.o(.text)
    __aeabi_uidiv                            0x080004b5   Thumb Code     0  uidiv.o(.text)
    __aeabi_uidivmod                         0x080004b5   Thumb Code    44  uidiv.o(.text)
    __aeabi_uldivmod                         0x080004e1   Thumb Code    98  uldiv.o(.text)
    __aeabi_llsl                             0x08000543   Thumb Code    30  llshl.o(.text)
    _ll_shift_l                              0x08000543   Thumb Code     0  llshl.o(.text)
    __aeabi_lasr                             0x08000561   Thumb Code    36  llsshr.o(.text)
    _ll_sshift_r                             0x08000561   Thumb Code     0  llsshr.o(.text)
    __I$use$fp                               0x08000585   Thumb Code     0  iusefp.o(.text)
    _double_round                            0x08000585   Thumb Code    30  depilogue.o(.text)
    _double_epilogue                         0x080005a3   Thumb Code   156  depilogue.o(.text)
    __aeabi_dmul                             0x0800063f   Thumb Code   228  dmul.o(.text)
    __aeabi_d2ulz                            0x08000723   Thumb Code    48  dfixul.o(.text)
    __aeabi_cdrcmple                         0x08000755   Thumb Code    48  cdrcmple.o(.text)
    __scatterload                            0x08000785   Thumb Code    28  init.o(.text)
    __scatterload_rt2                        0x08000785   Thumb Code     0  init.o(.text)
    ADC1_Config_Multi                        0x080007a9   Thumb Code   258  adc.o(i.ADC1_Config_Multi)
    ADC1_Read_DMA                            0x080008c5   Thumb Code    18  adc.o(i.ADC1_Read_DMA)
    AboveNormalTask                          0x080008dd   Thumb Code    44  main.o(i.AboveNormalTask)
    BusFault_Handler                         0x0800090d   Thumb Code     2  stm32f1xx_it.o(i.BusFault_Handler)
    Cal_BRR                                  0x08000911   Thumb Code    64  uart.o(i.Cal_BRR)
    DMA_Init                                 0x08000955   Thumb Code    54  adc.o(i.DMA_Init)
    DebugMon_Handler                         0x08000995   Thumb Code     2  stm32f1xx_it.o(i.DebugMon_Handler)
    HAL_Delay                                0x08000999   Thumb Code    32  stm32f1xx_hal.o(i.HAL_Delay)
    HAL_GetTick                              0x080009bd   Thumb Code     6  stm32f1xx_hal.o(i.HAL_GetTick)
    HAL_I2C_Master_Transmit                  0x080009c9   Thumb Code   290  stm32f1xx_hal_i2c.o(i.HAL_I2C_Master_Transmit)
    HAL_IncTick                              0x08000af5   Thumb Code    12  stm32f1xx_hal.o(i.HAL_IncTick)
    HAL_TIMEx_BreakCallback                  0x08000b05   Thumb Code     2  stm32f1xx_hal_tim_ex.o(i.HAL_TIMEx_BreakCallback)
    HAL_TIMEx_CommutCallback                 0x08000b07   Thumb Code     2  stm32f1xx_hal_tim_ex.o(i.HAL_TIMEx_CommutCallback)
    HAL_TIM_IC_CaptureCallback               0x08000b09   Thumb Code     2  stm32f1xx_hal_tim.o(i.HAL_TIM_IC_CaptureCallback)
    HAL_TIM_IRQHandler                       0x08000b0b   Thumb Code   358  stm32f1xx_hal_tim.o(i.HAL_TIM_IRQHandler)
    HAL_TIM_OC_DelayElapsedCallback          0x08000c71   Thumb Code     2  stm32f1xx_hal_tim.o(i.HAL_TIM_OC_DelayElapsedCallback)
    HAL_TIM_PWM_PulseFinishedCallback        0x08000c73   Thumb Code     2  stm32f1xx_hal_tim.o(i.HAL_TIM_PWM_PulseFinishedCallback)
    HAL_TIM_PeriodElapsedCallback            0x08000c75   Thumb Code    14  main.o(i.HAL_TIM_PeriodElapsedCallback)
    HAL_TIM_TriggerCallback                  0x08000c89   Thumb Code     2  stm32f1xx_hal_tim.o(i.HAL_TIM_TriggerCallback)
    HardFault_Handler                        0x08000c8b   Thumb Code     2  stm32f1xx_it.o(i.HardFault_Handler)
    HighTask                                 0x08000c8d   Thumb Code    48  main.o(i.HighTask)
    MemManage_Handler                        0x08000f27   Thumb Code     2  stm32f1xx_it.o(i.MemManage_Handler)
    NMI_Handler                              0x08000f29   Thumb Code     2  stm32f1xx_it.o(i.NMI_Handler)
    ReadDHT22                                0x08000f2d   Thumb Code    54  main.o(i.ReadDHT22)
    SendUartTask                             0x08000f85   Thumb Code   112  main.o(i.SendUartTask)
    StartDefaultTask                         0x0800100d   Thumb Code    44  main.o(i.StartDefaultTask)
    SysTick_Handler                          0x0800103d   Thumb Code    38  port.o(i.SysTick_Handler)
    SystemInit                               0x08001069   Thumb Code     2  system_stm32f1xx.o(i.SystemInit)
    TIM2_PWM_Config                          0x0800106d   Thumb Code   202  pwm.o(i.TIM2_PWM_Config)
    TIM2_PWM_Init                            0x08001141   Thumb Code    12  pwm.o(i.TIM2_PWM_Init)
    TIM2_PWM_duty                            0x08001151   Thumb Code    36  pwm.o(i.TIM2_PWM_duty)
    TIM4_IRQHandler                          0x08001175   Thumb Code     6  stm32f1xx_it.o(i.TIM4_IRQHandler)
    USART1_Config                            0x08001181   Thumb Code    96  uart.o(i.USART1_Config)
    USART1_Init                              0x080011f1   Thumb Code    12  uart.o(i.USART1_Init)
    USART1_Send_String                       0x08001201   Thumb Code    20  uart.o(i.USART1_Send_String)
    USART1_Send_char                         0x08001215   Thumb Code    16  uart.o(i.USART1_Send_char)
    UsageFault_Handler                       0x08001229   Thumb Code     2  stm32f1xx_it.o(i.UsageFault_Handler)
    __0sprintf                               0x0800122d   Thumb Code    34  printfa.o(i.__0sprintf)
    __1sprintf                               0x0800122d   Thumb Code     0  printfa.o(i.__0sprintf)
    __2sprintf                               0x0800122d   Thumb Code     0  printfa.o(i.__0sprintf)
    __c89sprintf                             0x0800122d   Thumb Code     0  printfa.o(i.__0sprintf)
    sprintf                                  0x0800122d   Thumb Code     0  printfa.o(i.__0sprintf)
    __0vsprintf                              0x08001255   Thumb Code    30  printfa.o(i.__0vsprintf)
    __1vsprintf                              0x08001255   Thumb Code     0  printfa.o(i.__0vsprintf)
    __2vsprintf                              0x08001255   Thumb Code     0  printfa.o(i.__0vsprintf)
    __c89vsprintf                            0x08001255   Thumb Code     0  printfa.o(i.__0vsprintf)
    vsprintf                                 0x08001255   Thumb Code     0  printfa.o(i.__0vsprintf)
    __scatterload_copy                       0x08001279   Thumb Code    14  handlers.o(i.__scatterload_copy)
    __scatterload_null                       0x08001287   Thumb Code     2  handlers.o(i.__scatterload_null)
    __scatterload_zeroinit                   0x08001289   Thumb Code    14  handlers.o(i.__scatterload_zeroinit)
    lcd_init                                 0x08001b55   Thumb Code   102  liquidcrystal_i2c.o(i.lcd_init)
    lcd_printf                               0x08001bbb   Thumb Code    58  liquidcrystal_i2c.o(i.lcd_printf)
    lcd_set_cursor                           0x08001c7d   Thumb Code    26  liquidcrystal_i2c.o(i.lcd_set_cursor)
    lcd_set_cursor_blink_off                 0x08001c9d   Thumb Code    16  liquidcrystal_i2c.o(i.lcd_set_cursor_blink_off)
    main                                     0x08001cad   Thumb Code   248  main.o(i.main)
    osKernelStart                            0x08001de9   Thumb Code    10  cmsis_os.o(i.osKernelStart)
    pvPortMalloc                             0x08002269   Thumb Code   210  heap_4.o(i.pvPortMalloc)
    pxPortInitialiseStack                    0x08002341   Thumb Code    32  port.o(i.pxPortInitialiseStack)
    uxListRemove                             0x08002365   Thumb Code    38  list.o(i.uxListRemove)
    vApplicationGetIdleTaskMemory            0x0800238d   Thumb Code    16  freertos.o(i.vApplicationGetIdleTaskMemory)
    vListInitialise                          0x080023a1   Thumb Code    22  list.o(i.vListInitialise)
    vListInitialiseItem                      0x080023b7   Thumb Code     6  list.o(i.vListInitialiseItem)
    vListInsert                              0x080023bd   Thumb Code    48  list.o(i.vListInsert)
    vListInsertEnd                           0x080023ed   Thumb Code    24  list.o(i.vListInsertEnd)
    vPortEnterCritical                       0x08002405   Thumb Code    54  port.o(i.vPortEnterCritical)
    vPortExitCritical                        0x08002445   Thumb Code    34  port.o(i.vPortExitCritical)
    vPortFree                                0x0800246d   Thumb Code    88  heap_4.o(i.vPortFree)
    vPortSetupTimerInterrupt                 0x080024c9   Thumb Code    32  port.o(i.vPortSetupTimerInterrupt)
    vTaskDelay                               0x080024ed   Thumb Code    66  tasks.o(i.vTaskDelay)
    vTaskInternalSetTimeOutState             0x08002539   Thumb Code    12  tasks.o(i.vTaskInternalSetTimeOutState)
    vTaskMissedYield                         0x08002549   Thumb Code     8  tasks.o(i.vTaskMissedYield)
    vTaskPlaceOnEventList                    0x08002555   Thumb Code    44  tasks.o(i.vTaskPlaceOnEventList)
    vTaskStartScheduler                      0x08002585   Thumb Code    90  tasks.o(i.vTaskStartScheduler)
    vTaskSuspendAll                          0x080025f1   Thumb Code    10  tasks.o(i.vTaskSuspendAll)
    vTaskSwitchContext                       0x08002601   Thumb Code    82  tasks.o(i.vTaskSwitchContext)
    xPortStartScheduler                      0x0800265d   Thumb Code   154  port.o(i.xPortStartScheduler)
    xQueueGenericCreate                      0x08002705   Thumb Code    72  queue.o(i.xQueueGenericCreate)
    xQueueGenericReset                       0x0800274d   Thumb Code   132  queue.o(i.xQueueGenericReset)
    xQueueGenericSend                        0x080027d5   Thumb Code   346  queue.o(i.xQueueGenericSend)
    xQueueReceive                            0x08002935   Thumb Code   308  queue.o(i.xQueueReceive)
    xTaskCheckForTimeOut                     0x08002a6d   Thumb Code   112  tasks.o(i.xTaskCheckForTimeOut)
    xTaskCreate                              0x08002ae1   Thumb Code    90  tasks.o(i.xTaskCreate)
    xTaskCreateStatic                        0x08002b3b   Thumb Code    86  tasks.o(i.xTaskCreateStatic)
    xTaskGetSchedulerState                   0x08002b91   Thumb Code    22  tasks.o(i.xTaskGetSchedulerState)
    xTaskIncrementTick                       0x08002bad   Thumb Code   192  tasks.o(i.xTaskIncrementTick)
    xTaskPriorityDisinherit                  0x08002c75   Thumb Code   144  tasks.o(i.xTaskPriorityDisinherit)
    xTaskRemoveFromEventList                 0x08002d0d   Thumb Code   108  tasks.o(i.xTaskRemoveFromEventList)
    xTaskResumeAll                           0x08002d81   Thumb Code   182  tasks.o(i.xTaskResumeAll)
    Region$$Table$$Base                      0x08002e44   Number         0  anon$$obj.o(Region$$Table)
    Region$$Table$$Limit                     0x08002e64   Number         0  anon$$obj.o(Region$$Table)
    id1                                      0x20000000   Data           1  adc.o(.data)
    id2                                      0x20000001   Data           1  adc.o(.data)
    sta                                      0x20000004   Data           1  main.o(.data)
    temp                                     0x20000005   Data           1  main.o(.data)
    humi                                     0x20000006   Data           1  main.o(.data)
    channel                                  0x20000007   Data           2  main.o(.data)
    data_trans                               0x20000009   Data           2  main.o(.data)
    ReadDHT22Handle                          0x2000000c   Data           4  main.o(.data)
    defaultTaskHandle                        0x20000010   Data           4  main.o(.data)
    AboveNormalHandle                        0x20000014   Data           4  main.o(.data)
    HighHandle                               0x20000018   Data           4  main.o(.data)
    SendUartHandle                           0x2000001c   Data           4  main.o(.data)
    QueuexHandle                             0x20000020   Data           4  main.o(.data)
    QueueyHandle                             0x20000024   Data           4  main.o(.data)
    QueuetHandle                             0x20000028   Data           4  main.o(.data)
    adc_value                                0x2000002c   Data           4  main.o(.data)
    data_receive                             0x20000030   Data           4  main.o(.data)
    uwTickFreq                               0x20000034   Data           1  stm32f1xx_hal.o(.data)
    uwTickPrio                               0x20000038   Data           4  stm32f1xx_hal.o(.data)
    uwTick                                   0x2000003c   Data           4  stm32f1xx_hal.o(.data)
    SystemCoreClock                          0x20000040   Data           4  system_stm32f1xx.o(.data)
    pxCurrentTCB                             0x20000044   Data           4  tasks.o(.data)
    hi2c1                                    0x200000a4   Data          84  main.o(.bss)
    hlcd                                     0x200000f8   Data          12  main.o(.bss)
    str                                      0x20000104   Data          10  main.o(.bss)
    htim4                                    0x20000364   Data          72  stm32f1xx_hal_timebase_tim.o(.bss)
    __initial_sp                             0x200014a0   Data           0  startup_stm32f103xb.o(STACK)



==============================================================================

Memory Map of the image

  Image Entry point : 0x080000ed

  Load Region LR_IROM1 (Base: 0x08000000, Size: 0x00002f08, Max: 0x00010000, ABSOLUTE)

    Execution Region ER_IROM1 (Exec base: 0x08000000, Load base: 0x08000000, Size: 0x00002e64, Max: 0x00010000, ABSOLUTE)

    Exec Addr    Load Addr    Size         Type   Attr      Idx    E Section Name        Object

    0x08000000   0x08000000   0x000000ec   Data   RO            3    RESET               startup_stm32f103xb.o
    0x080000ec   0x080000ec   0x00000000   Code   RO         4680  * .ARM.Collect$$$$00000000  mc_w.l(entry.o)
    0x080000ec   0x080000ec   0x00000004   Code   RO         4966    .ARM.Collect$$$$00000001  mc_w.l(entry2.o)
    0x080000f0   0x080000f0   0x00000004   Code   RO         4969    .ARM.Collect$$$$00000004  mc_w.l(entry5.o)
    0x080000f4   0x080000f4   0x00000000   Code   RO         4971    .ARM.Collect$$$$00000008  mc_w.l(entry7b.o)
    0x080000f4   0x080000f4   0x00000000   Code   RO         4973    .ARM.Collect$$$$0000000A  mc_w.l(entry8b.o)
    0x080000f4   0x080000f4   0x00000008   Code   RO         4974    .ARM.Collect$$$$0000000B  mc_w.l(entry9a.o)
    0x080000fc   0x080000fc   0x00000000   Code   RO         4976    .ARM.Collect$$$$0000000D  mc_w.l(entry10a.o)
    0x080000fc   0x080000fc   0x00000000   Code   RO         4978    .ARM.Collect$$$$0000000F  mc_w.l(entry11a.o)
    0x080000fc   0x080000fc   0x00000004   Code   RO         4967    .ARM.Collect$$$$00002712  mc_w.l(entry2.o)
    0x08000100   0x08000100   0x00000096   Code   RO         4603    .emb_text           port.o
    0x08000196   0x08000196   0x00000002   PAD
    0x08000198   0x08000198   0x00000024   Code   RO            4    .text               startup_stm32f103xb.o
    0x080001bc   0x080001bc   0x00000020   Code   RO         4683    .text               mc_w.l(llushr.o)
    0x080001dc   0x080001dc   0x00000024   Code   RO         4685    .text               mc_w.l(memcpya.o)
    0x08000200   0x08000200   0x0000000e   Code   RO         4691    .text               mc_w.l(strlen.o)
    0x0800020e   0x0800020e   0x0000014e   Code   RO         4956    .text               mf_w.l(dadd.o)
    0x0800035c   0x0800035c   0x000000de   Code   RO         4958    .text               mf_w.l(ddiv.o)
    0x0800043a   0x0800043a   0x0000002e   Code   RO         4960    .text               mf_w.l(dscalb.o)
    0x08000468   0x08000468   0x0000001a   Code   RO         4962    .text               mf_w.l(dfltui.o)
    0x08000482   0x08000482   0x00000032   Code   RO         4964    .text               mf_w.l(dfixui.o)
    0x080004b4   0x080004b4   0x0000002c   Code   RO         4983    .text               mc_w.l(uidiv.o)
    0x080004e0   0x080004e0   0x00000062   Code   RO         4985    .text               mc_w.l(uldiv.o)
    0x08000542   0x08000542   0x0000001e   Code   RO         4987    .text               mc_w.l(llshl.o)
    0x08000560   0x08000560   0x00000024   Code   RO         4989    .text               mc_w.l(llsshr.o)
    0x08000584   0x08000584   0x00000000   Code   RO         4991    .text               mc_w.l(iusefp.o)
    0x08000584   0x08000584   0x000000ba   Code   RO         4992    .text               mf_w.l(depilogue.o)
    0x0800063e   0x0800063e   0x000000e4   Code   RO         4994    .text               mf_w.l(dmul.o)
    0x08000722   0x08000722   0x00000030   Code   RO         4996    .text               mf_w.l(dfixul.o)
    0x08000752   0x08000752   0x00000002   PAD
    0x08000754   0x08000754   0x00000030   Code   RO         4998    .text               mf_w.l(cdrcmple.o)
    0x08000784   0x08000784   0x00000024   Code   RO         5000    .text               mc_w.l(init.o)
    0x080007a8   0x080007a8   0x0000011c   Code   RO           14    i.ADC1_Config_Multi  adc.o
    0x080008c4   0x080008c4   0x00000018   Code   RO           17    i.ADC1_Read_DMA     adc.o
    0x080008dc   0x080008dc   0x00000030   Code   RO          668    i.AboveNormalTask   main.o
    0x0800090c   0x0800090c   0x00000002   Code   RO          823    i.BusFault_Handler  stm32f1xx_it.o
    0x0800090e   0x0800090e   0x00000002   PAD
    0x08000910   0x08000910   0x00000044   Code   RO          419    i.Cal_BRR           uart.o
    0x08000954   0x08000954   0x00000040   Code   RO           21    i.DMA_Init          adc.o
    0x08000994   0x08000994   0x00000002   Code   RO          824    i.DebugMon_Handler  stm32f1xx_it.o
    0x08000996   0x08000996   0x00000002   PAD
    0x08000998   0x08000998   0x00000024   Code   RO         1005    i.HAL_Delay         stm32f1xx_hal.o
    0x080009bc   0x080009bc   0x0000000c   Code   RO         1009    i.HAL_GetTick       stm32f1xx_hal.o
    0x080009c8   0x080009c8   0x0000012c   Code   RO         1997    i.HAL_I2C_Master_Transmit  stm32f1xx_hal_i2c.o
    0x08000af4   0x08000af4   0x00000010   Code   RO         1015    i.HAL_IncTick       stm32f1xx_hal.o
    0x08000b04   0x08000b04   0x00000002   Code   RO         3111    i.HAL_TIMEx_BreakCallback  stm32f1xx_hal_tim_ex.o
    0x08000b06   0x08000b06   0x00000002   Code   RO         3112    i.HAL_TIMEx_CommutCallback  stm32f1xx_hal_tim_ex.o
    0x08000b08   0x08000b08   0x00000002   Code   RO         2441    i.HAL_TIM_IC_CaptureCallback  stm32f1xx_hal_tim.o
    0x08000b0a   0x08000b0a   0x00000166   Code   RO         2455    i.HAL_TIM_IRQHandler  stm32f1xx_hal_tim.o
    0x08000c70   0x08000c70   0x00000002   Code   RO         2458    i.HAL_TIM_OC_DelayElapsedCallback  stm32f1xx_hal_tim.o
    0x08000c72   0x08000c72   0x00000002   Code   RO         2485    i.HAL_TIM_PWM_PulseFinishedCallback  stm32f1xx_hal_tim.o
    0x08000c74   0x08000c74   0x00000014   Code   RO          669    i.HAL_TIM_PeriodElapsedCallback  main.o
    0x08000c88   0x08000c88   0x00000002   Code   RO         2498    i.HAL_TIM_TriggerCallback  stm32f1xx_hal_tim.o
    0x08000c8a   0x08000c8a   0x00000002   Code   RO          825    i.HardFault_Handler  stm32f1xx_it.o
    0x08000c8c   0x08000c8c   0x00000038   Code   RO          670    i.HighTask          main.o
    0x08000cc4   0x08000cc4   0x0000002e   Code   RO         2026    i.I2C_IsAcknowledgeFailed  stm32f1xx_hal_i2c.o
    0x08000cf2   0x08000cf2   0x00000002   PAD
    0x08000cf4   0x08000cf4   0x0000009c   Code   RO         2030    i.I2C_MasterRequestWrite  stm32f1xx_hal_i2c.o
    0x08000d90   0x08000d90   0x0000004c   Code   RO         2041    i.I2C_WaitOnBTFFlagUntilTimeout  stm32f1xx_hal_i2c.o
    0x08000ddc   0x08000ddc   0x00000068   Code   RO         2042    i.I2C_WaitOnFlagUntilTimeout  stm32f1xx_hal_i2c.o
    0x08000e44   0x08000e44   0x00000096   Code   RO         2043    i.I2C_WaitOnMasterAddressFlagUntilTimeout  stm32f1xx_hal_i2c.o
    0x08000eda   0x08000eda   0x0000004c   Code   RO         2045    i.I2C_WaitOnTXEFlagUntilTimeout  stm32f1xx_hal_i2c.o
    0x08000f26   0x08000f26   0x00000002   Code   RO          826    i.MemManage_Handler  stm32f1xx_it.o
    0x08000f28   0x08000f28   0x00000002   Code   RO          827    i.NMI_Handler       stm32f1xx_it.o
    0x08000f2a   0x08000f2a   0x00000002   PAD
    0x08000f2c   0x08000f2c   0x00000058   Code   RO          671    i.ReadDHT22         main.o
    0x08000f84   0x08000f84   0x00000088   Code   RO          672    i.SendUartTask      main.o
    0x0800100c   0x0800100c   0x00000030   Code   RO          673    i.StartDefaultTask  main.o
    0x0800103c   0x0800103c   0x0000002c   Code   RO         4604    i.SysTick_Handler   port.o
    0x08001068   0x08001068   0x00000002   Code   RO         3379    i.SystemInit        system_stm32f1xx.o
    0x0800106a   0x0800106a   0x00000002   PAD
    0x0800106c   0x0800106c   0x000000d4   Code   RO          273    i.TIM2_PWM_Config   pwm.o
    0x08001140   0x08001140   0x00000010   Code   RO          274    i.TIM2_PWM_Init     pwm.o
    0x08001150   0x08001150   0x00000024   Code   RO          275    i.TIM2_PWM_duty     pwm.o
    0x08001174   0x08001174   0x0000000c   Code   RO          828    i.TIM4_IRQHandler   stm32f1xx_it.o
    0x08001180   0x08001180   0x00000070   Code   RO          420    i.USART1_Config     uart.o
    0x080011f0   0x080011f0   0x00000010   Code   RO          422    i.USART1_Init       uart.o
    0x08001200   0x08001200   0x00000014   Code   RO          423    i.USART1_Send_String  uart.o
    0x08001214   0x08001214   0x00000014   Code   RO          424    i.USART1_Send_char  uart.o
    0x08001228   0x08001228   0x00000002   Code   RO          829    i.UsageFault_Handler  stm32f1xx_it.o
    0x0800122a   0x0800122a   0x00000002   PAD
    0x0800122c   0x0800122c   0x00000028   Code   RO         4930    i.__0sprintf        mc_w.l(printfa.o)
    0x08001254   0x08001254   0x00000024   Code   RO         4934    i.__0vsprintf       mc_w.l(printfa.o)
    0x08001278   0x08001278   0x0000000e   Code   RO         5006    i.__scatterload_copy  mc_w.l(handlers.o)
    0x08001286   0x08001286   0x00000002   Code   RO         5007    i.__scatterload_null  mc_w.l(handlers.o)
    0x08001288   0x08001288   0x0000000e   Code   RO         5008    i.__scatterload_zeroinit  mc_w.l(handlers.o)
    0x08001296   0x08001296   0x00000002   PAD
    0x08001298   0x08001298   0x00000184   Code   RO         4935    i._fp_digits        mc_w.l(printfa.o)
    0x0800141c   0x0800141c   0x000006dc   Code   RO         4936    i._printf_core      mc_w.l(printfa.o)
    0x08001af8   0x08001af8   0x00000024   Code   RO         4937    i._printf_post_padding  mc_w.l(printfa.o)
    0x08001b1c   0x08001b1c   0x0000002e   Code   RO         4938    i._printf_pre_padding  mc_w.l(printfa.o)
    0x08001b4a   0x08001b4a   0x0000000a   Code   RO         4940    i._sputc            mc_w.l(printfa.o)
    0x08001b54   0x08001b54   0x00000066   Code   RO          540    i.lcd_init          liquidcrystal_i2c.o
    0x08001bba   0x08001bba   0x0000003a   Code   RO          541    i.lcd_printf        liquidcrystal_i2c.o
    0x08001bf4   0x08001bf4   0x00000040   Code   RO          543    i.lcd_send_cmd      liquidcrystal_i2c.o
    0x08001c34   0x08001c34   0x00000048   Code   RO          544    i.lcd_send_data     liquidcrystal_i2c.o
    0x08001c7c   0x08001c7c   0x00000020   Code   RO          545    i.lcd_set_cursor    liquidcrystal_i2c.o
    0x08001c9c   0x08001c9c   0x00000010   Code   RO          546    i.lcd_set_cursor_blink_off  liquidcrystal_i2c.o
    0x08001cac   0x08001cac   0x0000013c   Code   RO          674    i.main              main.o
    0x08001de8   0x08001de8   0x0000000a   Code   RO         4180    i.osKernelStart     cmsis_os.o
    0x08001df2   0x08001df2   0x00000002   PAD
    0x08001df4   0x08001df4   0x00000070   Code   RO         3872    i.prvAddCurrentTaskToDelayedList  tasks.o
    0x08001e64   0x08001e64   0x000000d0   Code   RO         3873    i.prvAddNewTaskToReadyList  tasks.o
    0x08001f34   0x08001f34   0x00000026   Code   RO         3557    i.prvCopyDataFromQueue  queue.o
    0x08001f5a   0x08001f5a   0x0000006c   Code   RO         3558    i.prvCopyDataToQueue  queue.o
    0x08001fc6   0x08001fc6   0x00000034   Code   RO         3874    i.prvDeleteTCB      tasks.o
    0x08001ffa   0x08001ffa   0x00000002   PAD
    0x08001ffc   0x08001ffc   0x0000004c   Code   RO         4542    i.prvHeapInit       heap_4.o
    0x08002048   0x08002048   0x00000060   Code   RO         3875    i.prvIdleTask       tasks.o
    0x080020a8   0x080020a8   0x00000016   Code   RO         3560    i.prvInitialiseNewQueue  queue.o
    0x080020be   0x080020be   0x0000008e   Code   RO         3876    i.prvInitialiseNewTask  tasks.o
    0x0800214c   0x0800214c   0x0000004c   Code   RO         4543    i.prvInsertBlockIntoFreeList  heap_4.o
    0x08002198   0x08002198   0x0000001c   Code   RO         3561    i.prvIsQueueEmpty   queue.o
    0x080021b4   0x080021b4   0x00000020   Code   RO         3877    i.prvResetNextTaskUnblockTime  tasks.o
    0x080021d4   0x080021d4   0x00000028   Code   RO         4605    i.prvTaskExitError  port.o
    0x080021fc   0x080021fc   0x0000006a   Code   RO         3562    i.prvUnlockQueue    queue.o
    0x08002266   0x08002266   0x00000002   PAD
    0x08002268   0x08002268   0x000000d8   Code   RO         4544    i.pvPortMalloc      heap_4.o
    0x08002340   0x08002340   0x00000024   Code   RO         4606    i.pxPortInitialiseStack  port.o
    0x08002364   0x08002364   0x00000026   Code   RO         3517    i.uxListRemove      list.o
    0x0800238a   0x0800238a   0x00000002   PAD
    0x0800238c   0x0800238c   0x00000014   Code   RO          783    i.vApplicationGetIdleTaskMemory  freertos.o
    0x080023a0   0x080023a0   0x00000016   Code   RO         3518    i.vListInitialise   list.o
    0x080023b6   0x080023b6   0x00000006   Code   RO         3519    i.vListInitialiseItem  list.o
    0x080023bc   0x080023bc   0x00000030   Code   RO         3520    i.vListInsert       list.o
    0x080023ec   0x080023ec   0x00000018   Code   RO         3521    i.vListInsertEnd    list.o
    0x08002404   0x08002404   0x00000040   Code   RO         4608    i.vPortEnterCritical  port.o
    0x08002444   0x08002444   0x00000028   Code   RO         4609    i.vPortExitCritical  port.o
    0x0800246c   0x0800246c   0x0000005c   Code   RO         4545    i.vPortFree         heap_4.o
    0x080024c8   0x080024c8   0x00000024   Code   RO         4610    i.vPortSetupTimerInterrupt  port.o
    0x080024ec   0x080024ec   0x0000004c   Code   RO         3885    i.vTaskDelay        tasks.o
    0x08002538   0x08002538   0x00000010   Code   RO         3888    i.vTaskInternalSetTimeOutState  tasks.o
    0x08002548   0x08002548   0x0000000c   Code   RO         3889    i.vTaskMissedYield  tasks.o
    0x08002554   0x08002554   0x00000030   Code   RO         3891    i.vTaskPlaceOnEventList  tasks.o
    0x08002584   0x08002584   0x0000006c   Code   RO         3898    i.vTaskStartScheduler  tasks.o
    0x080025f0   0x080025f0   0x00000010   Code   RO         3900    i.vTaskSuspendAll   tasks.o
    0x08002600   0x08002600   0x0000005c   Code   RO         3901    i.vTaskSwitchContext  tasks.o
    0x0800265c   0x0800265c   0x000000a8   Code   RO         4612    i.xPortStartScheduler  port.o
    0x08002704   0x08002704   0x00000048   Code   RO         3571    i.xQueueGenericCreate  queue.o
    0x0800274c   0x0800274c   0x00000088   Code   RO         3573    i.xQueueGenericReset  queue.o
    0x080027d4   0x080027d4   0x00000160   Code   RO         3574    i.xQueueGenericSend  queue.o
    0x08002934   0x08002934   0x00000138   Code   RO         3581    i.xQueueReceive     queue.o
    0x08002a6c   0x08002a6c   0x00000074   Code   RO         3902    i.xTaskCheckForTimeOut  tasks.o
    0x08002ae0   0x08002ae0   0x0000005a   Code   RO         3903    i.xTaskCreate       tasks.o
    0x08002b3a   0x08002b3a   0x00000056   Code   RO         3904    i.xTaskCreateStatic  tasks.o
    0x08002b90   0x08002b90   0x0000001c   Code   RO         3908    i.xTaskGetSchedulerState  tasks.o
    0x08002bac   0x08002bac   0x000000c8   Code   RO         3911    i.xTaskIncrementTick  tasks.o
    0x08002c74   0x08002c74   0x00000098   Code   RO         3914    i.xTaskPriorityDisinherit  tasks.o
    0x08002d0c   0x08002d0c   0x00000074   Code   RO         3916    i.xTaskRemoveFromEventList  tasks.o
    0x08002d80   0x08002d80   0x000000c4   Code   RO         3917    i.xTaskResumeAll    tasks.o
    0x08002e44   0x08002e44   0x00000020   Data   RO         5004    Region$$Table       anon$$obj.o


    Execution Region RW_IRAM1 (Exec base: 0x20000000, Load base: 0x08002e64, Size: 0x000014a0, Max: 0x00005000, ABSOLUTE)

    Exec Addr    Load Addr    Size         Type   Attr      Idx    E Section Name        Object

    0x20000000   0x08002e64   0x00000002   Data   RW           22    .data               adc.o
    0x20000002   0x08002e66   0x00000002   PAD
    0x20000004   0x08002e68   0x00000030   Data   RW          678    .data               main.o
    0x20000034   0x08002e98   0x0000000c   Data   RW         1023    .data               stm32f1xx_hal.o
    0x20000040   0x08002ea4   0x00000004   Data   RW         3382    .data               system_stm32f1xx.o
    0x20000044   0x08002ea8   0x0000003c   Data   RW         3920    .data               tasks.o
    0x20000080   0x08002ee4   0x00000018   Data   RW         4550    .data               heap_4.o
    0x20000098   0x08002efc   0x0000000c   Data   RW         4613    .data               port.o
    0x200000a4        -       0x0000006a   Zero   RW          675    .bss                main.o
    0x2000010e   0x08002f08   0x00000002   PAD
    0x20000110        -       0x00000254   Zero   RW          784    .bss                freertos.o
    0x20000364        -       0x00000048   Zero   RW          926    .bss                stm32f1xx_hal_timebase_tim.o
    0x200003ac        -       0x000000f0   Zero   RW         3919    .bss                tasks.o
    0x2000049c        -       0x00000c00   Zero   RW         4549    .bss                heap_4.o
    0x2000109c   0x08002f08   0x00000004   PAD
    0x200010a0        -       0x00000400   Zero   RW            1    STACK               startup_stm32f103xb.o


==============================================================================

Image component sizes


      Code (inc. data)   RO Data    RW Data    ZI Data      Debug   Object Name

       372         42          0          2          0     392329   adc.o
        10          0          0          0          0      20226   cmsis_os.o
         0          0          0          0          0      18080   event_groups.o
        20          4          0          0        596       9780   freertos.o
       460         24          0         24       3072       7047   heap_4.o
       344          6          0          0          0       5312   liquidcrystal_i2c.o
       138          0          0          0          0       3234   list.o
       712        148          0         48        106      22284   main.o
       578         60          0         12          0      10056   port.o
       264         14          0          0          0       1438   pwm.o
      1174         14          0          0          0      10603   queue.o
        36          8        236          0       1024        776   startup_stm32f103xb.o
        64         14          0         12          0       4555   stm32f1xx_hal.o
       908         16          0          0          0       7802   stm32f1xx_hal_i2c.o
       366          0          0          0          0       4256   stm32f1xx_hal_tim.o
         4          0          0          0          0       1469   stm32f1xx_hal_tim_ex.o
         0          0          0          0         72        212   stm32f1xx_hal_timebase_tim.o
        24          6          0          0          0       2839   stm32f1xx_it.o
         0          0          0          0          0        384   stream_buffer.o
         2          0          0          4          0       1035   system_stm32f1xx.o
      1994        148          0         60        240      20914   tasks.o
       236         28          0          0          0       2778   uart.o

    ----------------------------------------------------------------------
      7728        532        268        164       5116     547409   Object Totals
         0          0         32          0          0          0   (incl. Generated)
        22          0          0          2          6          0   (incl. Padding)

    ----------------------------------------------------------------------

      Code (inc. data)   RO Data    RW Data    ZI Data      Debug   Library Member Name

         0          0          0          0          0          0   entry.o
         0          0          0          0          0          0   entry10a.o
         0          0          0          0          0          0   entry11a.o
         8          4          0          0          0          0   entry2.o
         4          0          0          0          0          0   entry5.o
         0          0          0          0          0          0   entry7b.o
         0          0          0          0          0          0   entry8b.o
         8          4          0          0          0          0   entry9a.o
        30          0          0          0          0          0   handlers.o
        36          8          0          0          0         68   init.o
         0          0          0          0          0          0   iusefp.o
        30          0          0          0          0         68   llshl.o
        36          0          0          0          0         68   llsshr.o
        32          0          0          0          0         68   llushr.o
        36          0          0          0          0         68   memcpya.o
      2312         92          0          0          0        600   printfa.o
        14          0          0          0          0         68   strlen.o
        44          0          0          0          0         80   uidiv.o
        98          0          0          0          0         92   uldiv.o
        48          0          0          0          0         68   cdrcmple.o
       334          0          0          0          0        148   dadd.o
       222          0          0          0          0        100   ddiv.o
       186          0          0          0          0        176   depilogue.o
        50          0          0          0          0         76   dfixui.o
        48          0          0          0          0         68   dfixul.o
        26          0          0          0          0         76   dfltui.o
       228          0          0          0          0         96   dmul.o
        46          0          0          0          0         80   dscalb.o

    ----------------------------------------------------------------------
      3880        108          0          0          0       2068   Library Totals
         4          0          0          0          0          0   (incl. Padding)

    ----------------------------------------------------------------------

      Code (inc. data)   RO Data    RW Data    ZI Data      Debug   Library Name

      2688        108          0          0          0       1180   mc_w.l
      1188          0          0          0          0        888   mf_w.l

    ----------------------------------------------------------------------
      3880        108          0          0          0       2068   Library Totals

    ----------------------------------------------------------------------

==============================================================================


      Code (inc. data)   RO Data    RW Data    ZI Data      Debug   

     11608        640        268        164       5116     543545   Grand Totals
     11608        640        268        164       5116     543545   ELF Image Totals
     11608        640        268        164          0          0   ROM Totals

==============================================================================

    Total RO  Size (Code + RO Data)                11876 (  11.60kB)
    Total RW  Size (RW Data + ZI Data)              5280 (   5.16kB)
    Total ROM Size (Code + RO Data + RW Data)      12040 (  11.76kB)

==============================================================================

