<html>
<body>
<pre>
<h1>µVision Build Log</h1>
<h2>Tool Versions:</h2>
IDE-Version: µVision V5.31.0.0
Copyright (C) 2020 ARM Ltd and ARM Germany GmbH. All rights reserved.
License Information: Tuan Truong, Hust, LIC=47GU5-GJSSN-BS0YX-H6AAT-2YWSV-ZCV1W
 
Tool Versions:
Toolchain:       MDK-ARM Plus  Version: 5.31.0.0
Toolchain Path:  H:\KeiC\ARM\ARMCC\Bin
C Compiler:      Armcc.exe V5.06 update 6 (build 750)
Assembler:       Armasm.exe V5.06 update 6 (build 750)
Linker/Locator:  ArmLink.exe V5.06 update 6 (build 750)
Library Manager: ArmAr.exe V5.06 update 6 (build 750)
Hex Converter:   FromElf.exe V5.06 update 6 (build 750)
CPU DLL:         SARMCM3.DLL V5.31.0.0
Dialog DLL:      DCM.DLL V1.17.3.0
Target DLL:      STLink\ST-LINKIII-KEIL_SWO.dll V3.0.7.0
Dialog DLL:      TCM.DLL V1.46.0.0
 
<h2>Project:</h2>
G:\stm32project\BTL_TKHTN\MDK-ARM\BTL_TKHTN.uvprojx
Project File Date:  11/11/2023

<h2>Output:</h2>
*** Using Compiler 'V5.06 update 6 (build 750)', folder: 'H:\KeiC\ARM\ARMCC\Bin'
Build target 'BTL_TKHTN'
compiling main.c...
..\Lib\PWM.h(4): warning:  #1295-D: Deprecated declaration TIM1_PWM_Init - give arg types
  void TIM1_PWM_Init();
..\Lib\PWM.h(8): warning:  #1295-D: Deprecated declaration TIM2_PWM_Init - give arg types
  void TIM2_PWM_Init();
..\Lib\PWM.h(11): warning:  #1295-D: Deprecated declaration TIM3_PWM_Init - give arg types
  void TIM3_PWM_Init();
..\Lib\PWM.h(15): warning:  #1295-D: Deprecated declaration TIM4_PWM_Init - give arg types
  void TIM4_PWM_Init();
..\Lib\PWM.h(21): warning:  #1-D: last line of file ends without a newline
  #endif
..\Lib\Timer.h(5): warning:  #1295-D: Deprecated declaration TIM2_config - give arg types
  void TIM2_config();
..\Lib\Timer.h(8): warning:  #1-D: last line of file ends without a newline
  #endif
..\Lib\ADC.h(4): warning:  #1295-D: Deprecated declaration ADC1_Init - give arg types
  void ADC1_Init();
..\Lib\ADC.h(6): warning:  #1295-D: Deprecated declaration ADC1_Read - give arg types
  uint16_t ADC1_Read();
..\Lib\ADC.h(8): warning:  #1295-D: Deprecated declaration DMA_Init - give arg types
  void DMA_Init();
..\Lib\ADC.h(10): warning:  #1295-D: Deprecated declaration ADC2_Init - give arg types
  void ADC2_Init();
..\Lib\ADC.h(12): warning:  #1295-D: Deprecated declaration ADC2_Read - give arg types
  uint16_t ADC2_Read();
..\Lib\ADC.h(14): warning:  #1-D: last line of file ends without a newline
  #endif
../Core/Src/main.c(18): warning:  #177-D: function "MX_I2C1_Init"  was declared but never referenced
  static void MX_I2C1_Init(void);
../Core/Src/main.c: 14 warnings, 0 errors
linking...
Program Size: Code=11048 RO-data=268 RW-data=164 ZI-data=5100  
FromELF: creating hex file...
"BTL_TKHTN\BTL_TKHTN.axf" - 0 Error(s), 14 Warning(s).

<h2>Software Packages used:</h2>

Package Vendor: ARM
                http://www.keil.com/pack/ARM.CMSIS.5.7.0.pack
                ARM.CMSIS.5.7.0
                CMSIS (Cortex Microcontroller Software Interface Standard)
   * Component: CORE Version: 5.4.0

Package Vendor: Keil
                https://www.keil.com/pack/Keil.STM32F1xx_DFP.2.4.1.pack
                Keil.STM32F1xx_DFP.2.4.1
                STMicroelectronics STM32F1 Series Device Support, Drivers and Examples

<h2>Collection of Component include folders:</h2>
  .\RTE\_BTL_TKHTN
  H:\PackKeic\ARM\CMSIS\5.7.0\CMSIS\Core\Include
  H:\PackKeic\Keil\STM32F1xx_DFP\2.4.1\Device\Include

<h2>Collection of Component Files used:</h2>

   * Component: ARM::CMSIS:CORE:5.4.0
Build Time Elapsed:  00:00:02
</pre>
</body>
</html>
